Archive member included to satisfy reference by file (symbol)

c:/nxp/mcuxpressoide_11.4.1_6260/ide/plugins/com.nxp.mcuxpresso.tools.win32_11.4.0.202103011116/tools/bin/../lib/gcc/arm-none-eabi/10.2.1/../../../../arm-none-eabi/lib/thumb/v6-m/nofp\libcr_nohost_nf.a(_cr__main.o)
                              ./startup/startup_mkl02z4.o (__main)
c:/nxp/mcuxpressoide_11.4.1_6260/ide/plugins/com.nxp.mcuxpresso.tools.win32_11.4.0.202103011116/tools/bin/../lib/gcc/arm-none-eabi/10.2.1/../../../../arm-none-eabi/lib/thumb/v6-m/nofp\libcr_nohost_nf.a(_cr_assert.o)
                              ./utilities/fsl_debug_console.o (__assertion_failed)
c:/nxp/mcuxpressoide_11.4.1_6260/ide/plugins/com.nxp.mcuxpresso.tools.win32_11.4.0.202103011116/tools/bin/../lib/gcc/arm-none-eabi/10.2.1/../../../../arm-none-eabi/lib/thumb/v6-m/nofp\libcr_nohost_nf.a(__ciob.o)
                              c:/nxp/mcuxpressoide_11.4.1_6260/ide/plugins/com.nxp.mcuxpresso.tools.win32_11.4.0.202103011116/tools/bin/../lib/gcc/arm-none-eabi/10.2.1/../../../../arm-none-eabi/lib/thumb/v6-m/nofp\libcr_nohost_nf.a(_cr_assert.o) (__Ciob)
c:/nxp/mcuxpressoide_11.4.1_6260/ide/plugins/com.nxp.mcuxpresso.tools.win32_11.4.0.202103011116/tools/bin/../lib/gcc/arm-none-eabi/10.2.1/../../../../arm-none-eabi/lib/thumb/v6-m/nofp\libcr_nohost_nf.a(__sys_appexit.o)
                              c:/nxp/mcuxpressoide_11.4.1_6260/ide/plugins/com.nxp.mcuxpresso.tools.win32_11.4.0.202103011116/tools/bin/../lib/gcc/arm-none-eabi/10.2.1/../../../../arm-none-eabi/lib/thumb/v6-m/nofp\libcr_nohost_nf.a(_cr_assert.o) (__sys_appexit)
c:/nxp/mcuxpressoide_11.4.1_6260/ide/plugins/com.nxp.mcuxpresso.tools.win32_11.4.0.202103011116/tools/bin/../lib/gcc/arm-none-eabi/10.2.1/../../../../arm-none-eabi/lib/thumb/v6-m/nofp\libcr_c.a(memcpy.o)
                              ./source/I2C_Master.o (memcpy)
c:/nxp/mcuxpressoide_11.4.1_6260/ide/plugins/com.nxp.mcuxpresso.tools.win32_11.4.0.202103011116/tools/bin/../lib/gcc/arm-none-eabi/10.2.1/../../../../arm-none-eabi/lib/thumb/v6-m/nofp\libcr_c.a(memset.o)
                              ./utilities/fsl_debug_console.o (memset)
c:/nxp/mcuxpressoide_11.4.1_6260/ide/plugins/com.nxp.mcuxpresso.tools.win32_11.4.0.202103011116/tools/bin/../lib/gcc/arm-none-eabi/10.2.1/../../../../arm-none-eabi/lib/thumb/v6-m/nofp\libcr_c.a(_deferredlazyseek.o)
                              c:/nxp/mcuxpressoide_11.4.1_6260/ide/plugins/com.nxp.mcuxpresso.tools.win32_11.4.0.202103011116/tools/bin/../lib/gcc/arm-none-eabi/10.2.1/../../../../arm-none-eabi/lib/thumb/v6-m/nofp\libcr_nohost_nf.a(_cr_assert.o) (__flsbuf)
c:/nxp/mcuxpressoide_11.4.1_6260/ide/plugins/com.nxp.mcuxpresso.tools.win32_11.4.0.202103011116/tools/bin/../lib/gcc/arm-none-eabi/10.2.1/../../../../arm-none-eabi/lib/thumb/v6-m/nofp\libcr_c.a(_fflush.o)
                              c:/nxp/mcuxpressoide_11.4.1_6260/ide/plugins/com.nxp.mcuxpresso.tools.win32_11.4.0.202103011116/tools/bin/../lib/gcc/arm-none-eabi/10.2.1/../../../../arm-none-eabi/lib/thumb/v6-m/nofp\libcr_c.a(_deferredlazyseek.o) (_fflush)
c:/nxp/mcuxpressoide_11.4.1_6260/ide/plugins/com.nxp.mcuxpresso.tools.win32_11.4.0.202103011116/tools/bin/../lib/gcc/arm-none-eabi/10.2.1/../../../../arm-none-eabi/lib/thumb/v6-m/nofp\libcr_c.a(_writebuf.o)
                              c:/nxp/mcuxpressoide_11.4.1_6260/ide/plugins/com.nxp.mcuxpresso.tools.win32_11.4.0.202103011116/tools/bin/../lib/gcc/arm-none-eabi/10.2.1/../../../../arm-none-eabi/lib/thumb/v6-m/nofp\libcr_c.a(_deferredlazyseek.o) (_Cwritebuf)
c:/nxp/mcuxpressoide_11.4.1_6260/ide/plugins/com.nxp.mcuxpresso.tools.win32_11.4.0.202103011116/tools/bin/../lib/gcc/arm-none-eabi/10.2.1/../../../../arm-none-eabi/lib/thumb/v6-m/nofp\libcr_c.a(alloc.o)
                              c:/nxp/mcuxpressoide_11.4.1_6260/ide/plugins/com.nxp.mcuxpresso.tools.win32_11.4.0.202103011116/tools/bin/../lib/gcc/arm-none-eabi/10.2.1/../../../../arm-none-eabi/lib/thumb/v6-m/nofp\libcr_c.a(_deferredlazyseek.o) (_Csys_alloc)
c:/nxp/mcuxpressoide_11.4.1_6260/ide/plugins/com.nxp.mcuxpresso.tools.win32_11.4.0.202103011116/tools/bin/../lib/gcc/arm-none-eabi/10.2.1/../../../../arm-none-eabi/lib/thumb/v6-m/nofp\libcr_c.a(fputs.o)
                              c:/nxp/mcuxpressoide_11.4.1_6260/ide/plugins/com.nxp.mcuxpresso.tools.win32_11.4.0.202103011116/tools/bin/../lib/gcc/arm-none-eabi/10.2.1/../../../../arm-none-eabi/lib/thumb/v6-m/nofp\libcr_nohost_nf.a(_cr_assert.o) (fputs)
c:/nxp/mcuxpressoide_11.4.1_6260/ide/plugins/com.nxp.mcuxpresso.tools.win32_11.4.0.202103011116/tools/bin/../lib/gcc/arm-none-eabi/10.2.1/../../../../arm-none-eabi/lib/thumb/v6-m/nofp\libcr_c.a(fseek.o)
                              c:/nxp/mcuxpressoide_11.4.1_6260/ide/plugins/com.nxp.mcuxpresso.tools.win32_11.4.0.202103011116/tools/bin/../lib/gcc/arm-none-eabi/10.2.1/../../../../arm-none-eabi/lib/thumb/v6-m/nofp\libcr_c.a(_deferredlazyseek.o) (fseek)
[...]
Memory Configuration

Name             Origin             Length             Attributes
PROGRAM_FLASH    0x00000000         0x00008000         xr
SRAM             0x1ffffc00         0x00001000         xrw
*default*        0x00000000         0xffffffff

Linker script and memory map

LOAD ./utilities/fsl_debug_console.o
LOAD ./utilities/fsl_io.o
LOAD ./utilities/fsl_log.o
LOAD ./utilities/fsl_str.o
LOAD ./startup/startup_mkl02z4.o
LOAD ./source/Downlink.o
LOAD ./source/Flash.o
LOAD ./source/I2C_Master.o
LOAD ./source/Power.o
LOAD ./source/TempSensor.o
LOAD ./source/Thermogenetics.o
LOAD ./source/Timer.o
LOAD ./source/Well.o
LOAD ./source/crc32.o
LOAD ./source/mtb.o
LOAD ./source/semihost_hardfault.o
LOAD ./drivers/fsl_clock.o
LOAD ./drivers/fsl_cmp.o
LOAD ./drivers/fsl_common.o
LOAD ./drivers/fsl_flash.o
LOAD ./drivers/fsl_gpio.o
LOAD ./drivers/fsl_i2c.o
LOAD ./drivers/fsl_lpsci.o
LOAD ./drivers/fsl_lptmr.o
LOAD ./drivers/fsl_smc.o
LOAD ./drivers/fsl_tpm.o
LOAD ./board/board.o
LOAD ./board/clock_config.o
LOAD ./board/peripherals.o
LOAD ./board/pin_mux.o
LOAD ./CMSIS/system_MKL02Z4.o
START GROUP
LOAD c:/nxp/mcuxpressoide_11.4.1_6260/ide/plugins/com.nxp.mcuxpresso.tools.win32_11.4.0.202103011116/tools/bin/../lib/gcc/arm-none-eabi/10.2.1/../../../../arm-none-eabi/lib/thumb/v6-m/nofp\libcr_nohost_nf.a
LOAD c:/nxp/mcuxpressoide_11.4.1_6260/ide/plugins/com.nxp.mcuxpresso.tools.win32_11.4.0.202103011116/tools/bin/../lib/gcc/arm-none-eabi/10.2.1/../../../../arm-none-eabi/lib/thumb/v6-m/nofp\libcr_c.a
LOAD c:/nxp/mcuxpressoide_11.4.1_6260/ide/plugins/com.nxp.mcuxpresso.tools.win32_11.4.0.202103011116/tools/bin/../lib/gcc/arm-none-eabi/10.2.1/thumb/v6-m/nofp\libcr_eabihelpers.a
LOAD c:/nxp/mcuxpressoide_11.4.1_6260/ide/plugins/com.nxp.mcuxpresso.tools.win32_11.4.0.202103011116/tools/bin/../lib/gcc/arm-none-eabi/10.2.1/thumb/v6-m/nofp\libgcc.a
END GROUP
                0x00000000                __base_PROGRAM_FLASH = 0x0
                0x00000000                __base_Flash = 0x0
                0x00008000                __top_PROGRAM_FLASH = 0x8000
                0x00008000                __top_Flash = 0x8000
                0x1ffffc00                __base_SRAM = 0x1ffffc00
                0x1ffffc00                __base_RAM = 0x1ffffc00
                0x20000c00                __top_SRAM = 0x20000c00
                0x20000c00                __top_RAM = 0x20000c00

.text           0x00000000     0x47fc
 FILL mask 0xff
                0x00000000                __vectors_start__ = ABSOLUTE (.)
 *(SORT_BY_ALIGNMENT(.isr_vector))
 .isr_vector    0x00000000       0xc0 ./startup/startup_mkl02z4.o
                0x00000000                g_pfnVectors
                0x00000000                __Vectors
                0x000000c0                . = ALIGN (0x4)
                0x000000c0                __section_table_start = .
                0x000000c0                __data_section_table = .
                0x000000c0        0x4 LONG 0x47fc LOADADDR (.data)
                0x000000c4        0x4 LONG 0x1ffffc80 ADDR (.data)
                0x000000c8        0x4 LONG 0x3c SIZEOF (.data)
                0x000000cc                __data_section_table_end = .
                0x000000cc                __bss_section_table = .
                0x000000cc        0x4 LONG 0x1ffffcbc ADDR (.bss)
                0x000000d0        0x4 LONG 0x240 SIZEOF (.bss)
                0x000000d4                __bss_section_table_end = .
                0x000000d4                __section_table_end = .
 *(SORT_BY_ALIGNMENT(.after_vectors*))
 .after_vectors.reset
                0x000000d4       0x4c ./startup/startup_mkl02z4.o
                0x000000d4                ResetISR
 .after_vectors.init_data
                0x00000120       0x12 ./startup/startup_mkl02z4.o
                0x00000120                data_init
 .after_vectors.init_bss
                0x00000132       0x10 ./startup/startup_mkl02z4.o
                0x00000132                bss_init
 .after_vectors
                0x00000142      0x10c ./startup/startup_mkl02z4.o
                0x00000142                NMI_Handler
                0x00000146                SVC_Handler
                0x00000148                PendSV_Handler
                0x0000014a                SysTick_Handler
                0x0000014c                Reserved42_DriverIRQHandler
                0x0000014c                PORTB_DriverIRQHandler
                0x0000014c                LPTMR0_DriverIRQHandler
                0x0000014c                ADC0_DriverIRQHandler
                0x0000014c                Reserved39_DriverIRQHandler
                0x0000014c                CMP0_DriverIRQHandler
                0x0000014c                SPI0_DriverIRQHandler
                0x0000014c                Reserved27_DriverIRQHandler
                0x0000014c                Reserved29_DriverIRQHandler
                0x0000014c                Reserved16_DriverIRQHandler
                0x0000014c                Reserved35_DriverIRQHandler
                0x0000014c                Reserved19_DriverIRQHandler
                0x0000014c                Reserved40_DriverIRQHandler
                0x0000014c                Reserved36_DriverIRQHandler
                0x0000014c                MCG_DriverIRQHandler
                0x0000014c                Reserved23_DriverIRQHandler
                0x0000014c                TPM1_DriverIRQHandler
                0x0000014c                Reserved17_DriverIRQHandler
                0x0000014c                FTFA_DriverIRQHandler
                0x0000014c                IntDefaultHandler
                0x0000014c                PORTA_DriverIRQHandler
                0x0000014c                Reserved41_DriverIRQHandler
                0x0000014c                LVD_LVW_DriverIRQHandler
                0x0000014c                TPM0_DriverIRQHandler
                0x0000014c                Reserved20_DriverIRQHandler
                0x0000014c                Reserved18_DriverIRQHandler
                0x0000014c                Reserved38_DriverIRQHandler
                0x0000014c                Reserved45_DriverIRQHandler
                0x0000014c                Reserved37_DriverIRQHandler
                0x0000014c                Reserved30_DriverIRQHandler
                0x0000014e                Reserved16_IRQHandler
                0x00000156                Reserved17_IRQHandler
                0x0000015e                Reserved18_IRQHandler
                0x00000166                Reserved19_IRQHandler
                0x0000016e                Reserved20_IRQHandler
                0x00000176                FTFA_IRQHandler
                0x0000017e                LVD_LVW_IRQHandler
                0x00000186                Reserved23_IRQHandler
                0x0000018e                I2C0_IRQHandler
                0x00000196                I2C1_IRQHandler
                0x0000019e                SPI0_IRQHandler
                0x000001a6                Reserved27_IRQHandler
                0x000001ae                UART0_IRQHandler
                0x000001b6                Reserved29_IRQHandler
                0x000001be                Reserved30_IRQHandler
                0x000001c6                ADC0_IRQHandler
                0x000001d6                TPM0_IRQHandler
                0x000001de                TPM1_IRQHandler
                0x000001e6                Reserved35_IRQHandler
                0x000001ee                Reserved36_IRQHandler
                0x000001f6                Reserved37_IRQHandler
                0x000001fe                Reserved38_IRQHandler
                0x00000206                Reserved39_IRQHandler
                0x0000020e                Reserved40_IRQHandler
                0x00000216                Reserved41_IRQHandler
                0x0000021e                Reserved42_IRQHandler
                0x00000226                MCG_IRQHandler
                0x00000236                Reserved45_IRQHandler
                0x0000023e                PORTA_IRQHandler
                0x00000246                PORTB_IRQHandler
                0x00000400                . = 0x400
 *fill*         0x0000024e      0x1b2 ff
                0x00000400                PROVIDE (__FLASH_CONFIG_START__ = .)
 *(SORT_BY_ALIGNMENT(.FlashConfig))
 .FlashConfig   0x00000400       0x10 ./startup/startup_mkl02z4.o
                0x00000400                Flash_Config
                0x00000410                PROVIDE (__FLASH_CONFIG_END__ = .)
                0x00000001                ASSERT (! ((__FLASH_CONFIG_START__ == __FLASH_CONFIG_END__)), Linker Flash Config Support Enabled, but no .FlashConfig section provided within application)
 *(SORT_BY_ALIGNMENT(.text*))
 .text.__NVIC_EnableIRQ
                0x00000410       0x34 ./source/Downlink.o
 .text.Downlink_Setup
                0x00000444       0x78 ./source/Downlink.o
                0x00000444                Downlink_Setup
 .text.Flash_Write
                0x000004bc       0x2c ./source/Flash.o
                0x000004bc                Flash_Write
 .text.Flash_Clear
                0x000004e8       0x2c ./source/Flash.o
                0x000004e8                Flash_Clear
 .text.I2C_GetDefaultSettings
                0x00000514       0x60 ./source/I2C_Master.o
                0x00000514                I2C_GetDefaultSettings
 .text.I2C_SetupAll
                0x00000574       0x18 ./source/I2C_Master.o
                0x00000574                I2C_SetupAll
 .text.I2C_Write
                0x0000058c      0x118 ./source/I2C_Master.o
                0x0000058c                I2C_Write
 .text.I2C_Read
                0x000006a4       0xa0 ./source/I2C_Master.o
                0x000006a4                I2C_Read
 .text.Power_Setup
                0x00000744       0x24 ./source/Power.o
                0x00000744                Power_Setup
 .text.Temp_Shutdown
                0x00000768       0x28 ./source/TempSensor.o
                0x00000768                Temp_Shutdown
 .text.Temp_ReadTemperature
                0x00000790       0x5c ./source/TempSensor.o
                0x00000790                Temp_ReadTemperature
 .text.__NVIC_EnableIRQ
                0x000007ec       0x34 ./source/Thermogenetics.o
 .text.__NVIC_DisableIRQ
                0x00000820       0x44 ./source/Thermogenetics.o
 .text.__NVIC_SetPriority
                0x00000864       0xdc ./source/Thermogenetics.o
 .text.main     0x00000940      0x228 ./source/Thermogenetics.o
                0x00000940                main
 .text.LPTMR0_IRQHandler
                0x00000b68      0x48c ./source/Thermogenetics.o
                0x00000b68                LPTMR0_IRQHandler
 .text.CMP0_IRQHandler
                0x00000ff4      0x1a4 ./source/Thermogenetics.o
                0x00000ff4                CMP0_IRQHandler
 .text.__NVIC_EnableIRQ
                0x00001198       0x34 ./source/Timer.o
 .text.__NVIC_SetPriority
                0x000011cc       0xdc ./source/Timer.o
 .text.LPTMR_SetTimerPeriod
                0x000012a8       0x2c ./source/Timer.o
 .text.Timer_SetupAll
                0x000012d4       0x88 ./source/Timer.o
                0x000012d4                Timer_SetupAll
 .text.Timer_Start
                0x0000135c       0x18 ./source/Timer.o
                0x0000135c                Timer_Start
 .text.Timer_Stop
                0x00001374       0x18 ./source/Timer.o
                0x00001374                Timer_Stop
 .text.Timer_EnableInterrupt
                0x0000138c       0x18 ./source/Timer.o
                0x0000138c                Timer_EnableInterrupt
 .text.calc_crc32
                0x000013a4       0x9c ./source/crc32.o
                0x000013a4                calc_crc32
 .text.HardFault_Handler
                0x00001440       0x30 ./source/semihost_hardfault.o
                0x00001440                HardFault_Handler
 .text.CLOCK_GetMcgExtClkFreq
                0x00001470       0x28 ./drivers/fsl_clock.o
 .text.CLOCK_GetFllExtRefClkFreq
                0x00001498       0xa8 ./drivers/fsl_clock.o
 .text.CLOCK_GetInternalRefClkSelectFreq
                0x00001540       0x40 ./drivers/fsl_clock.o
 .text.CLOCK_GetFllRefClkFreq
                0x00001580       0x2c ./drivers/fsl_clock.o
 .text.CLOCK_GetOsc0ErClkFreq
                0x000015ac       0x3c ./drivers/fsl_clock.o
                0x000015ac                CLOCK_GetOsc0ErClkFreq
 .text.CLOCK_GetFreq
                0x000015e8       0xc0 ./drivers/fsl_clock.o
                0x000015e8                CLOCK_GetFreq
 .text.CLOCK_SetSimConfig
                0x000016a8       0x24 ./drivers/fsl_clock.o
                0x000016a8                CLOCK_SetSimConfig
 .text.CLOCK_GetOutClkFreq
                0x000016cc       0x60 ./drivers/fsl_clock.o
                0x000016cc                CLOCK_GetOutClkFreq
 .text.CLOCK_GetFllFreq
                0x0000172c       0x78 ./drivers/fsl_clock.o
                0x0000172c                CLOCK_GetFllFreq
 .text.CLOCK_GetInternalRefClkFreq
                0x000017a4       0x28 ./drivers/fsl_clock.o
                0x000017a4                CLOCK_GetInternalRefClkFreq
 .text.CLOCK_SetInternalRefClkConfig
                0x000017cc      0x124 ./drivers/fsl_clock.o
                0x000017cc                CLOCK_SetInternalRefClkConfig
 .text.CLOCK_BootToBlpiMode
                0x000018f0       0x78 ./drivers/fsl_clock.o
                0x000018f0                CLOCK_BootToBlpiMode
 .text.CLOCK_EnableClock
                0x00001968       0x34 ./drivers/fsl_cmp.o
 .text.CMP_GetInstance
                0x0000199c       0x48 ./drivers/fsl_cmp.o
 .text.CMP_Init
                0x000019e4      0x110 ./drivers/fsl_cmp.o
                0x000019e4                CMP_Init
 .text.CMP_GetDefaultConfig
                0x00001af4       0x4c ./drivers/fsl_cmp.o
                0x00001af4                CMP_GetDefaultConfig
 .text.CMP_SetFilterConfig
                0x00001b40       0x88 ./drivers/fsl_cmp.o
                0x00001b40                CMP_SetFilterConfig
 .text.FLASH_Init
                0x00001bc8       0xc8 ./drivers/fsl_flash.o
                0x00001bc8                FLASH_Init
 .text.FLASH_Erase
                0x00001c90       0xe4 ./drivers/fsl_flash.o
                0x00001c90                FLASH_Erase
 .text.FLASH_Program
                0x00001d74       0xf0 ./drivers/fsl_flash.o
                0x00001d74                FLASH_Program
 .text.copy_flash_run_command
                0x00001e64       0x30 ./drivers/fsl_flash.o
 .text.flash_command_sequence
                0x00001e94       0x78 ./drivers/fsl_flash.o
 .text.copy_flash_common_bit_operation
                0x00001f0c       0x30 ./drivers/fsl_flash.o
 .text.mcm_flash_cache_clear
                0x00001f3c       0x2c ./drivers/fsl_flash.o
                0x00001f3c                mcm_flash_cache_clear
 .text.flash_check_user_key
                0x00001f68       0x24 ./drivers/fsl_flash.o
 .text.GPIO_PinInit
                0x00001f8c       0x64 ./drivers/fsl_gpio.o
                0x00001f8c                GPIO_PinInit
 .text.CLOCK_EnableClock
                0x00001ff0       0x34 ./drivers/fsl_i2c.o
 .text.I2C_GetInstance
                0x00002024       0x4c ./drivers/fsl_i2c.o
                0x00002024                I2C_GetInstance
 .text.I2C_CheckAndClearError
                0x00002070       0x40 ./drivers/fsl_i2c.o
 .text.I2C_TransferCommonIRQHandler
                0x000020b0       0x58 ./drivers/fsl_i2c.o
 .text.I2C_MasterInit
                0x00002108       0xfc ./drivers/fsl_i2c.o
                0x00002108                I2C_MasterInit
 .text.I2C_MasterGetDefaultConfig
                0x00002204       0x40 ./drivers/fsl_i2c.o
                0x00002204                I2C_MasterGetDefaultConfig
 .text.I2C_MasterSetBaudRate
                0x00002244       0xf0 ./drivers/fsl_i2c.o
                0x00002244                I2C_MasterSetBaudRate
 .text.I2C_MasterStart
                0x00002334       0x74 ./drivers/fsl_i2c.o
                0x00002334                I2C_MasterStart
 .text.I2C_MasterRepeatedStart
                0x000023a8       0xbc ./drivers/fsl_i2c.o
                0x000023a8                I2C_MasterRepeatedStart
 .text.I2C_MasterWriteBlocking
                0x00002464       0xec ./drivers/fsl_i2c.o
                0x00002464                I2C_MasterWriteBlocking
 .text.I2C_MasterTransferBlocking
                0x00002550      0x254 ./drivers/fsl_i2c.o
                0x00002550                I2C_MasterTransferBlocking
 .text.I2C0_DriverIRQHandler
                0x000027a4       0x20 ./drivers/fsl_i2c.o
                0x000027a4                I2C0_DriverIRQHandler
 .text.I2C1_DriverIRQHandler
                0x000027c4       0x20 ./drivers/fsl_i2c.o
                0x000027c4                I2C1_DriverIRQHandler
 .text.UART0_DriverIRQHandler
                0x000027e4       0x24 ./drivers/fsl_lpsci.o
                0x000027e4                UART0_DriverIRQHandler
 .text.CLOCK_EnableClock
                0x00002808       0x34 ./drivers/fsl_lptmr.o
 .text.LPTMR_GetInstance
                0x0000283c       0x48 ./drivers/fsl_lptmr.o
 .text.LPTMR_Init
                0x00002884       0x94 ./drivers/fsl_lptmr.o
                0x00002884                LPTMR_Init
 .text.LPTMR_GetDefaultConfig
                0x00002918       0x4c ./drivers/fsl_lptmr.o
                0x00002918                LPTMR_GetDefaultConfig
 .text.CLOCK_SetSimSafeDivs
                0x00002964       0x1c ./board/clock_config.o
 .text.BOARD_BootClockVLPR
                0x00002980       0x5c ./board/clock_config.o
                0x00002980                BOARD_BootClockVLPR
 .text.CLOCK_EnableClock
                0x000029dc       0x34 ./board/pin_mux.o
 .text.PORT_SetPinConfig
                0x00002a10       0x38 ./board/pin_mux.o
 .text.PORT_SetPinMux
                0x00002a48       0x40 ./board/pin_mux.o
 .text.BOARD_InitPins
                0x00002a88      0x128 ./board/pin_mux.o
                0x00002a88                BOARD_InitPins
 .text.SystemInit
                0x00002bb0       0x18 ./CMSIS/system_MKL02Z4.o
                0x00002bb0                SystemInit
 .text.__assertion_failed
                0x00002bc8       0x4c c:/nxp/mcuxpressoide_11.4.1_6260/ide/plugins/com.nxp.mcuxpresso.tools.win32_11.4.0.202103011116/tools/bin/../lib/gcc/arm-none-eabi/10.2.1/../../../../arm-none-eabi/lib/thumb/v6-m/nofp\libcr_nohost_nf.a(_cr_assert.o)
                0x00002bc8                __assertion_failed
 .text._deferredlazyseek
                0x00002c14       0x40 c:/nxp/mcuxpressoide_11.4.1_6260/ide/plugins/com.nxp.mcuxpresso.tools.win32_11.4.0.202103011116/tools/bin/../lib/gcc/arm-none-eabi/10.2.1/../../../../arm-none-eabi/lib/thumb/v6-m/nofp\libcr_c.a(_deferredlazyseek.o)
                0x00002c14                _deferredlazyseek
 .text.__flsbuf
                0x00002c54      0x150 c:/nxp/mcuxpressoide_11.4.1_6260/ide/plugins/com.nxp.mcuxpresso.tools.win32_11.4.0.202103011116/tools/bin/../lib/gcc/arm-none-eabi/10.2.1/../../../../arm-none-eabi/lib/thumb/v6-m/nofp\libcr_c.a(_deferredlazyseek.o)
                0x00002c54                __flsbuf
 .text._fflush  0x00002da4       0x60 c:/nxp/mcuxpressoide_11.4.1_6260/ide/plugins/com.nxp.mcuxpresso.tools.win32_11.4.0.202103011116/tools/bin/../lib/gcc/arm-none-eabi/10.2.1/../../../../arm-none-eabi/lib/thumb/v6-m/nofp\libcr_c.a(_fflush.o)
                0x00002da4                _fflush
 .text._Cwritebuf
                0x00002e04       0x68 c:/nxp/mcuxpressoide_11.4.1_6260/ide/plugins/com.nxp.mcuxpresso.tools.win32_11.4.0.202103011116/tools/bin/../lib/gcc/arm-none-eabi/10.2.1/../../../../arm-none-eabi/lib/thumb/v6-m/nofp\libcr_c.a(_writebuf.o)
                0x00002e04                _Cwritebuf
 .text.malloc   0x00002e6c       0xd0 c:/nxp/mcuxpressoide_11.4.1_6260/ide/plugins/com.nxp.mcuxpresso.tools.win32_11.4.0.202103011116/tools/bin/../lib/gcc/arm-none-eabi/10.2.1/../../../../arm-none-eabi/lib/thumb/v6-m/nofp\libcr_c.a(alloc.o)
                0x00002e6c                malloc
 .text._Csys_alloc
                0x00002f3c       0x20 c:/nxp/mcuxpressoide_11.4.1_6260/ide/plugins/com.nxp.mcuxpresso.tools.win32_11.4.0.202103011116/tools/bin/../lib/gcc/arm-none-eabi/10.2.1/../../../../arm-none-eabi/lib/thumb/v6-m/nofp\libcr_c.a(alloc.o)
                0x00002f3c                _Csys_alloc
 .text.fseek    0x00002f5c       0xf0 c:/nxp/mcuxpressoide_11.4.1_6260/ide/plugins/com.nxp.mcuxpresso.tools.win32_11.4.0.202103011116/tools/bin/../lib/gcc/arm-none-eabi/10.2.1/../../../../arm-none-eabi/lib/thumb/v6-m/nofp\libcr_c.a(fseek.o)
                0x00002f5c                fseek
 .text.ftell    0x0000304c       0x48 c:/nxp/mcuxpressoide_11.4.1_6260/ide/plugins/com.nxp.mcuxpresso.tools.win32_11.4.0.202103011116/tools/bin/../lib/gcc/arm-none-eabi/10.2.1/../../../../arm-none-eabi/lib/thumb/v6-m/nofp\libcr_c.a(ftell.o)
                0x0000304c                ftell
 .text._initio  0x00003094       0x7c c:/nxp/mcuxpressoide_11.4.1_6260/ide/plugins/com.nxp.mcuxpresso.tools.win32_11.4.0.202103011116/tools/bin/../lib/gcc/arm-none-eabi/10.2.1/../../../../arm-none-eabi/lib/thumb/v6-m/nofp\libcr_c.a(initio.o)
                0x00003094                _initio
 .text.setvbuf  0x00003110       0x4c c:/nxp/mcuxpressoide_11.4.1_6260/ide/plugins/com.nxp.mcuxpresso.tools.win32_11.4.0.202103011116/tools/bin/../lib/gcc/arm-none-eabi/10.2.1/../../../../arm-none-eabi/lib/thumb/v6-m/nofp\libcr_c.a(setvbuf.o)
                0x00003110                setvbuf
 .text.strlen   0x0000315c       0x58 c:/nxp/mcuxpressoide_11.4.1_6260/ide/plugins/com.nxp.mcuxpresso.tools.win32_11.4.0.202103011116/tools/bin/../lib/gcc/arm-none-eabi/10.2.1/../../../../arm-none-eabi/lib/thumb/v6-m/nofp\libcr_c.a(strlen.o)
                0x0000315c                strlen
 .text._sbrk    0x000031b4       0x44 c:/nxp/mcuxpressoide_11.4.1_6260/ide/plugins/com.nxp.mcuxpresso.tools.win32_11.4.0.202103011116/tools/bin/../lib/gcc/arm-none-eabi/10.2.1/../../../../arm-none-eabi/lib/thumb/v6-m/nofp\libcr_c.a(_cr_sbrk.o)
                0x000031b4                _sbrk
 .text._fdopen  0x000031f8       0x74 c:/nxp/mcuxpressoide_11.4.1_6260/ide/plugins/com.nxp.mcuxpresso.tools.win32_11.4.0.202103011116/tools/bin/../lib/gcc/arm-none-eabi/10.2.1/../../../../arm-none-eabi/lib/thumb/v6-m/nofp\libcr_c.a(_fdopen.o)
                0x000031f8                _fdopen
 .text.fclose   0x0000326c       0x5c c:/nxp/mcuxpressoide_11.4.1_6260/ide/plugins/com.nxp.mcuxpresso.tools.win32_11.4.0.202103011116/tools/bin/../lib/gcc/arm-none-eabi/10.2.1/../../../../arm-none-eabi/lib/thumb/v6-m/nofp\libcr_c.a(fclose.o)
                0x0000326c                fclose
 .text.fflush   0x000032c8       0x44 c:/nxp/mcuxpressoide_11.4.1_6260/ide/plugins/com.nxp.mcuxpresso.tools.win32_11.4.0.202103011116/tools/bin/../lib/gcc/arm-none-eabi/10.2.1/../../../../arm-none-eabi/lib/thumb/v6-m/nofp\libcr_c.a(fflush.o)
                0x000032c8                fflush
 .text.__check_heap_overflow
                0x0000330c       0x18 c:/nxp/mcuxpressoide_11.4.1_6260/ide/plugins/com.nxp.mcuxpresso.tools.win32_11.4.0.202103011116/tools/bin/../lib/gcc/arm-none-eabi/10.2.1/../../../../arm-none-eabi/lib/thumb/v6-m/nofp\libcr_c.a(_cr_check_heap.o)
                0x0000330c                __check_heap_overflow
 .text._do_fflush
                0x00003324       0x48 c:/nxp/mcuxpressoide_11.4.1_6260/ide/plugins/com.nxp.mcuxpresso.tools.win32_11.4.0.202103011116/tools/bin/../lib/gcc/arm-none-eabi/10.2.1/../../../../arm-none-eabi/lib/thumb/v6-m/nofp\libcr_c.a(_do_fflush.o)
                0x00003324                _do_fflush
 .text.__aeabi_dmul
                0x0000336c      0x184 c:/nxp/mcuxpressoide_11.4.1_6260/ide/plugins/com.nxp.mcuxpresso.tools.win32_11.4.0.202103011116/tools/bin/../lib/gcc/arm-none-eabi/10.2.1/thumb/v6-m/nofp\libcr_eabihelpers.a(double.o)
                0x0000336c                __aeabi_dmul
 .text.__aeabi_d2f
                0x000034f0       0x60 c:/nxp/mcuxpressoide_11.4.1_6260/ide/plugins/com.nxp.mcuxpresso.tools.win32_11.4.0.202103011116/tools/bin/../lib/gcc/arm-none-eabi/10.2.1/thumb/v6-m/nofp\libcr_eabihelpers.a(double.o)
                0x000034f0                __aeabi_d2f
 .text.__aeabi_fmul
                0x00003550       0xc0 c:/nxp/mcuxpressoide_11.4.1_6260/ide/plugins/com.nxp.mcuxpresso.tools.win32_11.4.0.202103011116/tools/bin/../lib/gcc/arm-none-eabi/10.2.1/thumb/v6-m/nofp\libcr_eabihelpers.a(float.o)
                0x00003550                __aeabi_fmul
 .text.__aeabi_fdiv
                0x00003610       0xe8 c:/nxp/mcuxpressoide_11.4.1_6260/ide/plugins/com.nxp.mcuxpresso.tools.win32_11.4.0.202103011116/tools/bin/../lib/gcc/arm-none-eabi/10.2.1/thumb/v6-m/nofp\libcr_eabihelpers.a(float.o)
                0x00003610                __aeabi_fdiv
 .text.EnableIRQ
                0x000036f8       0x30 ./source/Downlink.o
 .text.Flash_Read
                0x00003728       0x14 ./source/Flash.o
                0x00003728                Flash_Read
 .text.Temp_SetupAll
                0x0000373c       0x1a ./source/TempSensor.o
                0x0000373c                Temp_SetupAll
 .text.Temp_Write
                0x00003756       0x3e ./source/TempSensor.o
                0x00003756                Temp_Write
 .text.Temp_Read
                0x00003794       0x3a ./source/TempSensor.o
                0x00003794                Temp_Read
 .text.Temp_SetConfigurationReg
                0x000037ce       0x42 ./source/TempSensor.o
                0x000037ce                Temp_SetConfigurationReg
 .text.EnableIRQ
                0x00003810       0x30 ./source/Thermogenetics.o
 .text.DisableIRQ
                0x00003840       0x30 ./source/Thermogenetics.o
 .text.GPIO_PortSet
                0x00003870       0x18 ./source/Thermogenetics.o
 .text.GPIO_PortClear
                0x00003888       0x18 ./source/Thermogenetics.o
 .text.LPTMR_ClearStatusFlags
                0x000038a0       0x1e ./source/Thermogenetics.o
 .text.LPTMR_GetCurrentTimerCount
                0x000038be       0x1e ./source/Thermogenetics.o
 .text.EnableIRQ
                0x000038dc       0x30 ./source/Timer.o
 .text.LPTMR_EnableInterrupts
                0x0000390c       0x2e ./source/Timer.o
 .text.LPTMR_ClearStatusFlags
                0x0000393a       0x1e ./source/Timer.o
 .text.LPTMR_StartTimer
                0x00003958       0x2c ./source/Timer.o
 .text.LPTMR_StopTimer
                0x00003984       0x2c ./source/Timer.o
 .text.GPIO_PortSet
                0x000039b0       0x18 ./source/Well.o
 .text.GPIO_PortClear
                0x000039c8       0x18 ./source/Well.o
 .text.Well_Heat
                0x000039e0       0x36 ./source/Well.o
                0x000039e0                Well_Heat
 .text.Well_Cool
                0x00003a16       0x36 ./source/Well.o
                0x00003a16                Well_Cool
 .text.CLOCK_GetEr32kClkFreq
                0x00003a4c       0x20 ./drivers/fsl_clock.o
                0x00003a4c                CLOCK_GetEr32kClkFreq
 .text.CMP_Enable
                0x00003a6c       0x40 ./drivers/fsl_cmp.o
 .text.CMP_SetInputChannels
                0x00003aac       0x64 ./drivers/fsl_cmp.o
                0x00003aac                CMP_SetInputChannels
 .text.CMP_EnableInterrupts
                0x00003b10       0x56 ./drivers/fsl_cmp.o
                0x00003b10                CMP_EnableInterrupts
 .text.CMP_DisableInterrupts
                0x00003b66       0x56 ./drivers/fsl_cmp.o
                0x00003b66                CMP_DisableInterrupts
 .text.CMP_ClearStatusFlags
                0x00003bbc       0x56 ./drivers/fsl_cmp.o
                0x00003bbc                CMP_ClearStatusFlags
 .text.FLASH_PrepareExecuteInRamFunctions
                0x00003c12       0x44 ./drivers/fsl_flash.o
                0x00003c12                FLASH_PrepareExecuteInRamFunctions
 .text.flash_cache_clear
                0x00003c56       0x1a ./drivers/fsl_flash.o
                0x00003c56                flash_cache_clear
 .text.flash_cache_clear_process
                0x00003c70       0x36 ./drivers/fsl_flash.o
 .text.flash_check_execute_in_ram_function_info
                0x00003ca6       0x36 ./drivers/fsl_flash.o
 .text.flash_check_range
                0x00003cdc       0x5c ./drivers/fsl_flash.o
 .text.flash_get_matched_operation_info
                0x00003d38       0x7c ./drivers/fsl_flash.o
 .text.GPIO_PinWrite
                0x00003db4       0x34 ./drivers/fsl_gpio.o
 .text.GPIO_WritePinOutput
                0x00003de8       0x24 ./drivers/fsl_gpio.o
 .text.I2C_MasterClearStatusFlags
                0x00003e0c       0x56 ./drivers/fsl_i2c.o
 .text.I2C_MasterStop
                0x00003e62       0x36 ./drivers/fsl_i2c.o
                0x00003e62                I2C_MasterStop
 .text.I2C_MasterGetStatusFlags
                0x00003e98       0x4a ./drivers/fsl_i2c.o
                0x00003e98                I2C_MasterGetStatusFlags
 .text.I2C_MasterReadBlocking
                0x00003ee2       0xea ./drivers/fsl_i2c.o
                0x00003ee2                I2C_MasterReadBlocking
 .text.SMC_SetPowerModeVlpr
                0x00003fcc       0x3c ./drivers/fsl_smc.o
                0x00003fcc                SMC_SetPowerModeVlpr
 .text.SMC_SetPowerModeProtection
                0x00004008       0x1e ./board/clock_config.o
 .text.SMC_GetPowerModeState
                0x00004026       0x16 ./board/clock_config.o
 .text.__main   0x0000403c        0xc c:/nxp/mcuxpressoide_11.4.1_6260/ide/plugins/com.nxp.mcuxpresso.tools.win32_11.4.0.202103011116/tools/bin/../lib/gcc/arm-none-eabi/10.2.1/../../../../arm-none-eabi/lib/thumb/v6-m/nofp\libcr_nohost_nf.a(_cr__main.o)
                0x0000403c                __main
 .text.__sys_appexit
                0x00004048        0x2 c:/nxp/mcuxpressoide_11.4.1_6260/ide/plugins/com.nxp.mcuxpresso.tools.win32_11.4.0.202103011116/tools/bin/../lib/gcc/arm-none-eabi/10.2.1/../../../../arm-none-eabi/lib/thumb/v6-m/nofp\libcr_nohost_nf.a(__sys_appexit.o)
                0x00004048                __sys_appexit
                0x00004048                __exit
 .text.memcpy   0x0000404a        0x8 c:/nxp/mcuxpressoide_11.4.1_6260/ide/plugins/com.nxp.mcuxpresso.tools.win32_11.4.0.202103011116/tools/bin/../lib/gcc/arm-none-eabi/10.2.1/../../../../arm-none-eabi/lib/thumb/v6-m/nofp\libcr_c.a(memcpy.o)
                0x0000404a                memcpy
 .text.memset   0x00004052        0x8 c:/nxp/mcuxpressoide_11.4.1_6260/ide/plugins/com.nxp.mcuxpresso.tools.win32_11.4.0.202103011116/tools/bin/../lib/gcc/arm-none-eabi/10.2.1/../../../../arm-none-eabi/lib/thumb/v6-m/nofp\libcr_c.a(memset.o)
                0x00004052                memset
 .text.free     0x0000405a       0x2c c:/nxp/mcuxpressoide_11.4.1_6260/ide/plugins/com.nxp.mcuxpresso.tools.win32_11.4.0.202103011116/tools/bin/../lib/gcc/arm-none-eabi/10.2.1/../../../../arm-none-eabi/lib/thumb/v6-m/nofp\libcr_c.a(alloc.o)
                0x0000405a                free
 .text.fputs    0x00004086       0x2e c:/nxp/mcuxpressoide_11.4.1_6260/ide/plugins/com.nxp.mcuxpresso.tools.win32_11.4.0.202103011116/tools/bin/../lib/gcc/arm-none-eabi/10.2.1/../../../../arm-none-eabi/lib/thumb/v6-m/nofp\libcr_c.a(fputs.o)
                0x00004086                fputs
 .text.remove   0x000040b4       0x12 c:/nxp/mcuxpressoide_11.4.1_6260/ide/plugins/com.nxp.mcuxpresso.tools.win32_11.4.0.202103011116/tools/bin/../lib/gcc/arm-none-eabi/10.2.1/../../../../arm-none-eabi/lib/thumb/v6-m/nofp\libcr_c.a(remove.o)
                0x000040b4                remove
 .text.__aeabi_division_idivmod
                0x000040c6       0x78 c:/nxp/mcuxpressoide_11.4.1_6260/ide/plugins/com.nxp.mcuxpresso.tools.win32_11.4.0.202103011116/tools/bin/../lib/gcc/arm-none-eabi/10.2.1/thumb/v6-m/nofp\libcr_eabihelpers.a(division_32.o)
                0x000040c6                __aeabi_idivmod
                0x000040c6                __aeabi_idiv
                0x000040cc                __aeabi_uidivmod
                0x000040cc                __aeabi_uidiv
 .text.__aeabi_division_uldivmod
                0x0000413e       0x5a c:/nxp/mcuxpressoide_11.4.1_6260/ide/plugins/com.nxp.mcuxpresso.tools.win32_11.4.0.202103011116/tools/bin/../lib/gcc/arm-none-eabi/10.2.1/thumb/v6-m/nofp\libcr_eabihelpers.a(division_64.o)
                0x0000413e                __aeabi_uldivmod
 .text.__aeabi_division_idiv0
                0x00004198        0x2 c:/nxp/mcuxpressoide_11.4.1_6260/ide/plugins/com.nxp.mcuxpresso.tools.win32_11.4.0.202103011116/tools/bin/../lib/gcc/arm-none-eabi/10.2.1/thumb/v6-m/nofp\libcr_eabihelpers.a(division_idiv0.o)
                0x00004198                __aeabi_idiv0
 .text.__bhs_ui2d
                0x0000419a       0x5e c:/nxp/mcuxpressoide_11.4.1_6260/ide/plugins/com.nxp.mcuxpresso.tools.win32_11.4.0.202103011116/tools/bin/../lib/gcc/arm-none-eabi/10.2.1/thumb/v6-m/nofp\libcr_eabihelpers.a(double.o)
                0x0000419a                __bhs_ui2d
 .text.__aeabi_i2d
                0x000041f8       0x18 c:/nxp/mcuxpressoide_11.4.1_6260/ide/plugins/com.nxp.mcuxpresso.tools.win32_11.4.0.202103011116/tools/bin/../lib/gcc/arm-none-eabi/10.2.1/thumb/v6-m/nofp\libcr_eabihelpers.a(double.o)
                0x000041f8                __aeabi_i2d
 .text.__aeabi_f2uiz
                0x00004210       0x2a c:/nxp/mcuxpressoide_11.4.1_6260/ide/plugins/com.nxp.mcuxpresso.tools.win32_11.4.0.202103011116/tools/bin/../lib/gcc/arm-none-eabi/10.2.1/thumb/v6-m/nofp\libcr_eabihelpers.a(float.o)
                0x00004210                __aeabi_f2uiz
 .text.__bhs_ui2f
                0x0000423a       0x60 c:/nxp/mcuxpressoide_11.4.1_6260/ide/plugins/com.nxp.mcuxpresso.tools.win32_11.4.0.202103011116/tools/bin/../lib/gcc/arm-none-eabi/10.2.1/thumb/v6-m/nofp\libcr_eabihelpers.a(float.o)
                0x0000423a                __bhs_ui2f
 .text.__aeabi_i2f
                0x0000429a       0x18 c:/nxp/mcuxpressoide_11.4.1_6260/ide/plugins/com.nxp.mcuxpresso.tools.win32_11.4.0.202103011116/tools/bin/../lib/gcc/arm-none-eabi/10.2.1/thumb/v6-m/nofp\libcr_eabihelpers.a(float.o)
                0x0000429a                __aeabi_i2f
 .text.__aeabi_ui2f
                0x000042b2        0xc c:/nxp/mcuxpressoide_11.4.1_6260/ide/plugins/com.nxp.mcuxpresso.tools.win32_11.4.0.202103011116/tools/bin/../lib/gcc/arm-none-eabi/10.2.1/thumb/v6-m/nofp\libcr_eabihelpers.a(float.o)
                0x000042b2                __aeabi_ui2f
 .text.__aeabi_fcmpgt
                0x000042be       0x3e c:/nxp/mcuxpressoide_11.4.1_6260/ide/plugins/com.nxp.mcuxpresso.tools.win32_11.4.0.202103011116/tools/bin/../lib/gcc/arm-none-eabi/10.2.1/thumb/v6-m/nofp\libcr_eabihelpers.a(float.o)
                0x000042be                __aeabi_fcmpgt
 .text.__aeabi_llong_lmul
                0x000042fc       0x2e c:/nxp/mcuxpressoide_11.4.1_6260/ide/plugins/com.nxp.mcuxpresso.tools.win32_11.4.0.202103011116/tools/bin/../lib/gcc/arm-none-eabi/10.2.1/thumb/v6-m/nofp\libcr_eabihelpers.a(llong.o)
                0x000042fc                __aeabi_lmul
 .text.__aeabi_memcpy
                0x0000432a       0x2c c:/nxp/mcuxpressoide_11.4.1_6260/ide/plugins/com.nxp.mcuxpresso.tools.win32_11.4.0.202103011116/tools/bin/../lib/gcc/arm-none-eabi/10.2.1/thumb/v6-m/nofp\libcr_eabihelpers.a(memcpy.o)
                0x0000432a                __aeabi_memcpy4
                0x0000432a                __aeabi_memcpy8
                0x0000432a                __aeabi_memcpy
 .text.__aeabi_memset_lowlevel
                0x00004356       0x2a c:/nxp/mcuxpressoide_11.4.1_6260/ide/plugins/com.nxp.mcuxpresso.tools.win32_11.4.0.202103011116/tools/bin/../lib/gcc/arm-none-eabi/10.2.1/thumb/v6-m/nofp\libcr_eabihelpers.a(memcpy.o)
                0x00004356                __aeabi_lowlevel_memset
 .text.__sys_close
                0x00004380        0x6 c:/nxp/mcuxpressoide_11.4.1_6260/ide/plugins/com.nxp.mcuxpresso.tools.win32_11.4.0.202103011116/tools/bin/../lib/gcc/arm-none-eabi/10.2.1/../../../../arm-none-eabi/lib/thumb/v6-m/nofp\libcr_nohost_nf.a(__sys_close.o)
                0x00004380                __sys_close
 .text.__sys_flen
                0x00004386        0x6 c:/nxp/mcuxpressoide_11.4.1_6260/ide/plugins/com.nxp.mcuxpresso.tools.win32_11.4.0.202103011116/tools/bin/../lib/gcc/arm-none-eabi/10.2.1/../../../../arm-none-eabi/lib/thumb/v6-m/nofp\libcr_nohost_nf.a(__sys_flen.o)
                0x00004386                __sys_flen
 .text.__sys_istty
                0x0000438c        0x6 c:/nxp/mcuxpressoide_11.4.1_6260/ide/plugins/com.nxp.mcuxpresso.tools.win32_11.4.0.202103011116/tools/bin/../lib/gcc/arm-none-eabi/10.2.1/../../../../arm-none-eabi/lib/thumb/v6-m/nofp\libcr_nohost_nf.a(__sys_istty.o)
                0x0000438c                __sys_istty
 .text.__sys_remove
                0x00004392        0x6 c:/nxp/mcuxpressoide_11.4.1_6260/ide/plugins/com.nxp.mcuxpresso.tools.win32_11.4.0.202103011116/tools/bin/../lib/gcc/arm-none-eabi/10.2.1/../../../../arm-none-eabi/lib/thumb/v6-m/nofp\libcr_nohost_nf.a(__sys_remove.o)
                0x00004392                __sys_remove
 .text.__sys_seek
                0x00004398        0x6 c:/nxp/mcuxpressoide_11.4.1_6260/ide/plugins/com.nxp.mcuxpresso.tools.win32_11.4.0.202103011116/tools/bin/../lib/gcc/arm-none-eabi/10.2.1/../../../../arm-none-eabi/lib/thumb/v6-m/nofp\libcr_nohost_nf.a(__sys_seek.o)
                0x00004398                __sys_seek
 .text.__sys_tmpnam
                0x0000439e        0x6 c:/nxp/mcuxpressoide_11.4.1_6260/ide/plugins/com.nxp.mcuxpresso.tools.win32_11.4.0.202103011116/tools/bin/../lib/gcc/arm-none-eabi/10.2.1/../../../../arm-none-eabi/lib/thumb/v6-m/nofp\libcr_nohost_nf.a(__sys_tmpnam.o)
                0x0000439e                __sys_tmpnam
 .text.__sys_write
                0x000043a4        0x4 c:/nxp/mcuxpressoide_11.4.1_6260/ide/plugins/com.nxp.mcuxpresso.tools.win32_11.4.0.202103011116/tools/bin/../lib/gcc/arm-none-eabi/10.2.1/../../../../arm-none-eabi/lib/thumb/v6-m/nofp\libcr_nohost_nf.a(__sys_write.o)
                0x000043a4                __sys_write
 *(SORT_BY_ALIGNMENT(.rodata) SORT_BY_ALIGNMENT(.rodata.*) SORT_BY_ALIGNMENT(.constdata) SORT_BY_ALIGNMENT(.constdata.*))
 .rodata.LPTMR_SetTimerPeriod.str1.4
                0x000043a8       0x71 ./source/Timer.o
 *fill*         0x00004419        0x3 ff
 .rodata.CLOCK_GetMcgExtClkFreq.str1.4
                0x0000441c       0x1f ./drivers/fsl_clock.o
 *fill*         0x0000443b        0x1 ff
 .rodata.CLOCK_GetOsc0ErClkFreq.str1.4
                0x0000443c       0x1f ./drivers/fsl_clock.o
 *fill*         0x0000445b        0x1 ff
 .rodata.CLOCK_GetFreq
                0x0000445c       0x50 ./drivers/fsl_clock.o
 .rodata.fllFactorTable.1
                0x000044ac       0x10 ./drivers/fsl_clock.o
 .rodata.CMP_GetInstance.str1.4
                0x000044bc       0x32 ./drivers/fsl_cmp.o
 *fill*         0x000044ee        0x2 ff
 .rodata.CMP_Init.str1.4
                0x000044f0       0x1f ./drivers/fsl_cmp.o
 *fill*         0x0000450f        0x1 ff
 .rodata.CMP_GetDefaultConfig.str1.4
                0x00004510       0x20 ./drivers/fsl_cmp.o
 .rodata.CMP_SetFilterConfig.str1.4
                0x00004530       0x20 ./drivers/fsl_cmp.o
 .rodata.s_flashRunCommandFunctionCode
                0x00004550        0xc ./drivers/fsl_flash.o
 .rodata.s_flashCommonBitOperationFunctionCode
                0x0000455c       0x1c ./drivers/fsl_flash.o
 .rodata.kPFlashDensities
                0x00004578       0x1e ./drivers/fsl_flash.o
                0x00004578                kPFlashDensities
 *fill*         0x00004596        0x2 ff
 .rodata.GPIO_PinInit.str1.4
                0x00004598       0x18 ./drivers/fsl_gpio.o
 .rodata.s_i2cDividerTable
                0x000045b0       0x80 ./drivers/fsl_i2c.o
 .rodata.s_i2cBases
                0x00004630        0x8 ./drivers/fsl_i2c.o
 .rodata.s_i2cClocks
                0x00004638        0x8 ./drivers/fsl_i2c.o
 .rodata.I2C_GetInstance.str1.4
                0x00004640       0x33 ./drivers/fsl_i2c.o
 *fill*         0x00004673        0x1 ff
 .rodata.I2C_MasterInit.str1.4
                0x00004674       0x2d ./drivers/fsl_i2c.o
 *fill*         0x000046a1        0x3 ff
 .rodata.I2C_MasterGetDefaultConfig.str1.4
                0x000046a4       0x1e ./drivers/fsl_i2c.o
 *fill*         0x000046c2        0x2 ff
 .rodata.I2C_MasterTransferBlocking.str1.4
                0x000046c4       0x17 ./drivers/fsl_i2c.o
 *fill*         0x000046db        0x1 ff
 .rodata.LPTMR_GetInstance.str1.4
                0x000046dc       0x36 ./drivers/fsl_lptmr.o
 *fill*         0x00004712        0x2 ff
 .rodata.LPTMR_Init.str1.4
                0x00004714       0x19 ./drivers/fsl_lptmr.o
 *fill*         0x0000472d        0x3 ff
 .rodata.LPTMR_GetDefaultConfig.str1.4
                0x00004730       0x1a ./drivers/fsl_lptmr.o
 *fill*         0x0000474a        0x2 ff
 .rodata.simConfig_BOARD_BootClockVLPR
                0x0000474c        0x4 ./board/clock_config.o
                0x0000474c                simConfig_BOARD_BootClockVLPR
 .rodata.PORT_SetPinConfig.str1.4
                0x00004750       0x6d ./board/pin_mux.o
 *fill*         0x000047bd        0x3 ff
 .rodata        0x000047c0        0x2 ./board/pin_mux.o
 *fill*         0x000047c2        0x2 ff
 .rodata.__num_Ciob_streams
                0x000047c4        0x4 c:/nxp/mcuxpressoide_11.4.1_6260/ide/plugins/com.nxp.mcuxpresso.tools.win32_11.4.0.202103011116/tools/bin/../lib/gcc/arm-none-eabi/10.2.1/../../../../arm-none-eabi/lib/thumb/v6-m/nofp\libcr_nohost_nf.a(__ciob.o)
                0x000047c4                __num_Ciob_streams
 .rodata.__assertion_failed.str1.1
                0x000047c8       0x15 c:/nxp/mcuxpressoide_11.4.1_6260/ide/plugins/com.nxp.mcuxpresso.tools.win32_11.4.0.202103011116/tools/bin/../lib/gcc/arm-none-eabi/10.2.1/../../../../arm-none-eabi/lib/thumb/v6-m/nofp\libcr_nohost_nf.a(_cr_assert.o)
 .rodata._Csys_alloc.str1.1
                0x000047dd       0x18 c:/nxp/mcuxpressoide_11.4.1_6260/ide/plugins/com.nxp.mcuxpresso.tools.win32_11.4.0.202103011116/tools/bin/../lib/gcc/arm-none-eabi/10.2.1/../../../../arm-none-eabi/lib/thumb/v6-m/nofp\libcr_c.a(alloc.o)
 .rodata._initio.str1.1
                0x000047f5        0x4 c:/nxp/mcuxpressoide_11.4.1_6260/ide/plugins/com.nxp.mcuxpresso.tools.win32_11.4.0.202103011116/tools/bin/../lib/gcc/arm-none-eabi/10.2.1/../../../../arm-none-eabi/lib/thumb/v6-m/nofp\libcr_c.a(initio.o)
                0x000047fc                . = ALIGN (0x4)
 *fill*         0x000047f9        0x3 ff

.glue_7         0x000047fc        0x0
 .glue_7        0x000047fc        0x0 linker stubs

.glue_7t        0x000047fc        0x0
 .glue_7t       0x000047fc        0x0 linker stubs

.vfp11_veneer   0x000047fc        0x0
 .vfp11_veneer  0x000047fc        0x0 linker stubs

.v4_bx          0x000047fc        0x0
 .v4_bx         0x000047fc        0x0 linker stubs

.iplt           0x000047fc        0x0
 .iplt          0x000047fc        0x0 ./startup/startup_mkl02z4.o

.rel.dyn        0x000047fc        0x0
 .rel.iplt      0x000047fc        0x0 ./startup/startup_mkl02z4.o

.ARM.extab
 *(SORT_BY_ALIGNMENT(.ARM.extab*) SORT_BY_ALIGNMENT(.gnu.linkonce.armextab.*))

.ARM.exidx      0x000047fc        0x0
                0x000047fc                __exidx_start = .
 *(SORT_BY_ALIGNMENT(.ARM.exidx*) SORT_BY_ALIGNMENT(.gnu.linkonce.armexidx.*))
                0x000047fc                __exidx_end = .
                0x000047fc                _etext = .

.mtb_buffer_default
                0x1ffffc00       0x80
 *(SORT_BY_ALIGNMENT(.mtb*))
 .mtb.$RAM1     0x1ffffc00       0x80 ./source/mtb.o
                0x1ffffc00                __mtb_buffer__

.uninit_RESERVED
                0x1ffffc80        0x0
                0x1ffffc80                _start_uninit_RESERVED = .
 *(SORT_BY_ALIGNMENT(.bss.$RESERVED*))
                0x1ffffc80                . = ALIGN (0x4)
                0x1ffffc80                _end_uninit_RESERVED = .

.data           0x1ffffc80       0x3c load address 0x000047fc
 FILL mask 0xff
                0x1ffffc80                _data = .
                [!provide]                PROVIDE (__start_data_RAM = .)
                [!provide]                PROVIDE (__start_data_SRAM = .)
 *(SORT_BY_ALIGNMENT(vtable))
 *(SORT_BY_ALIGNMENT(.ramfunc*))
 *(SORT_BY_ALIGNMENT(CodeQuickAccess))
 *(SORT_BY_ALIGNMENT(DataQuickAccess))
 *(SORT_BY_ALIGNMENT(RamFunction))
 *(SORT_BY_ALIGNMENT(.data*))
 .data.I2C_Master
                0x1ffffc80        0x4 ./source/I2C_Master.o
                0x1ffffc80                I2C_Master
 .data.TransmittedBits
                0x1ffffc84        0x4 ./source/Thermogenetics.o
                0x1ffffc84                TransmittedBits
 .data.Wells    0x1ffffc88       0x28 ./source/Well.o
                0x1ffffc88                Wells
 .data.s_slowIrcFreq
                0x1ffffcb0        0x4 ./drivers/fsl_clock.o
 .data.s_fastIrcFreq
                0x1ffffcb4        0x4 ./drivers/fsl_clock.o
 .data.SystemCoreClock
                0x1ffffcb8        0x4 ./CMSIS/system_MKL02Z4.o
                0x1ffffcb8                SystemCoreClock
                0x1ffffcbc                . = ALIGN (0x4)
                0x1ffffcbc                _edata = .
                [!provide]                PROVIDE (__end_data_RAM = .)
                [!provide]                PROVIDE (__end_data_SRAM = .)

.igot.plt       0x1ffffcbc        0x0 load address 0x00004838
 .igot.plt      0x1ffffcbc        0x0 ./startup/startup_mkl02z4.o

.bss            0x1ffffcbc      0x240
                0x1ffffcbc                _bss = .
                [!provide]                PROVIDE (__start_bss_RAM = .)
                [!provide]                PROVIDE (__start_bss_SRAM = .)
 *(SORT_BY_ALIGNMENT(.bss*))
 .bss.DownlinkConfig
                0x1ffffcbc        0x7 ./source/Downlink.o
                0x1ffffcbc                DownlinkConfig
 *fill*         0x1ffffcc3        0x1 
 .bss.flashConfig
                0x1ffffcc4       0x34 ./source/Flash.o
                0x1ffffcc4                flashConfig
 .bss.I2Cstruct
                0x1ffffcf8       0x64 ./source/I2C_Master.o
                0x1ffffcf8                I2Cstruct
 .bss.TransmissionArray
                0x1ffffd5c        0xe ./source/Thermogenetics.o
                0x1ffffd5c                TransmissionArray
 *fill*         0x1ffffd6a        0x2 
 .bss.BitCutoff
                0x1ffffd6c        0x4 ./source/Thermogenetics.o
                0x1ffffd6c                BitCutoff
 .bss.Time0     0x1ffffd70        0x4 ./source/Thermogenetics.o
                0x1ffffd70                Time0
 .bss.Time1     0x1ffffd74        0x4 ./source/Thermogenetics.o
                0x1ffffd74                Time1
 .bss.Duration  0x1ffffd78        0x4 ./source/Thermogenetics.o
                0x1ffffd78                Duration
 .bss.Seconds   0x1ffffd7c        0x4 ./source/Thermogenetics.o
                0x1ffffd7c                Seconds
 .bss.lptmrConfig
                0x1ffffd80        0x7 ./source/Timer.o
                0x1ffffd80                lptmrConfig
 *fill*         0x1ffffd87        0x1 
 .bss.g_xtal0Freq
                0x1ffffd88        0x4 ./drivers/fsl_clock.o
                0x1ffffd88                g_xtal0Freq
 .bss.callFlashRunCommand
                0x1ffffd8c        0x4 ./drivers/fsl_flash.o
 .bss.callFlashCommonBitOperation
                0x1ffffd90        0x4 ./drivers/fsl_flash.o
 .bss.s_flashRunCommand
                0x1ffffd94       0x40 ./drivers/fsl_flash.o
 .bss.s_flashCommonBitOperation
                0x1ffffdd4       0x40 ./drivers/fsl_flash.o
 .bss.s_flashExecuteInRamFunctionInfo
                0x1ffffe14        0xc ./drivers/fsl_flash.o
 .bss.s_i2cHandle
                0x1ffffe20        0x8 ./drivers/fsl_i2c.o
 .bss.s_i2cMasterIsr
                0x1ffffe28        0x4 ./drivers/fsl_i2c.o
 .bss.s_i2cSlaveIsr
                0x1ffffe2c        0x4 ./drivers/fsl_i2c.o
 .bss.s_lpsciHandle
                0x1ffffe30        0x4 ./drivers/fsl_lpsci.o
 .bss.s_lpsciIsr
                0x1ffffe34        0x4 ./drivers/fsl_lpsci.o
 .bss.__Ciob    0x1ffffe38       0xb4 c:/nxp/mcuxpressoide_11.4.1_6260/ide/plugins/com.nxp.mcuxpresso.tools.win32_11.4.0.202103011116/tools/bin/../lib/gcc/arm-none-eabi/10.2.1/../../../../arm-none-eabi/lib/thumb/v6-m/nofp\libcr_nohost_nf.a(__ciob.o)
                0x1ffffe38                __Ciob
 .bss.__end_of_heap
                0x1ffffeec        0x4 c:/nxp/mcuxpressoide_11.4.1_6260/ide/plugins/com.nxp.mcuxpresso.tools.win32_11.4.0.202103011116/tools/bin/../lib/gcc/arm-none-eabi/10.2.1/../../../../arm-none-eabi/lib/thumb/v6-m/nofp\libcr_c.a(__init_alloc.o)
                0x1ffffeec                __end_of_heap
 .bss.__heaps   0x1ffffef0        0x4 c:/nxp/mcuxpressoide_11.4.1_6260/ide/plugins/com.nxp.mcuxpresso.tools.win32_11.4.0.202103011116/tools/bin/../lib/gcc/arm-none-eabi/10.2.1/../../../../arm-none-eabi/lib/thumb/v6-m/nofp\libcr_c.a(__init_alloc.o)
                0x1ffffef0                __heaps
 .bss.errno     0x1ffffef4        0x4 c:/nxp/mcuxpressoide_11.4.1_6260/ide/plugins/com.nxp.mcuxpresso.tools.win32_11.4.0.202103011116/tools/bin/../lib/gcc/arm-none-eabi/10.2.1/../../../../arm-none-eabi/lib/thumb/v6-m/nofp\libcr_c.a(errno.o)
                0x1ffffef4                errno
 .bss.SkipBit   0x1ffffef8        0x1 ./source/Thermogenetics.o
                0x1ffffef8                SkipBit
 .bss.State     0x1ffffef9        0x1 ./source/Thermogenetics.o
                0x1ffffef9                State
 *(SORT_BY_ALIGNMENT(COMMON))
                0x1ffffefc                . = ALIGN (0x4)
 *fill*         0x1ffffefa        0x2 
                0x1ffffefc                _ebss = .
                [!provide]                PROVIDE (__end_bss_RAM = .)
                [!provide]                PROVIDE (__end_bss_SRAM = .)
                [!provide]                PROVIDE (end = .)

.noinit         0x1ffffefc        0x0
                0x1ffffefc                _noinit = .
                [!provide]                PROVIDE (__start_noinit_RAM = .)
                [!provide]                PROVIDE (__start_noinit_SRAM = .)
 *(SORT_BY_ALIGNMENT(.noinit*))
                0x1ffffefc                . = ALIGN (0x4)
                0x1ffffefc                _end_noinit = .
                [!provide]                PROVIDE (__end_noinit_RAM = .)
                [!provide]                PROVIDE (__end_noinit_SRAM = .)
                0x00000100                _HeapSize = 0x100

.heap           0x1ffffefc      0x100
                0x1ffffefc                _pvHeapStart = .
                0x1ffffffc                . = (. + _HeapSize)
 *fill*         0x1ffffefc      0x100 
                0x1ffffffc                . = ALIGN (0x4)
                0x1ffffffc                _pvHeapLimit = .
                0x00000100                _StackSize = 0x100

.heap2stackfill
                0x1ffffffc      0x100
                0x200000fc                . = (. + _StackSize)
 *fill*         0x1ffffffc      0x100 

.stack          0x20000b00        0x0
                0x20000b00                _vStackBase = .
                0x20000b00                . = ALIGN (0x4)
                0x20000c00                _vStackTop = (. + _StackSize)
                0x00000000                _image_start = LOADADDR (.text)
                0x00004838                _image_end = (LOADADDR (.data) + SIZEOF (.data))
                0x00004838                _image_size = (_image_end - _image_start)
OUTPUT(Thermogenetics.axf elf32-littlearm)
LOAD linker stubs

.debug_info     0x00000000     0xca87
 .debug_info    0x00000000      0x4eb ./startup/startup_mkl02z4.o
 .debug_info    0x000004eb      0x6b8 ./source/Downlink.o
 .debug_info    0x00000ba3      0x3d4 ./source/Flash.o
 .debug_info    0x00000f77      0x609 ./source/I2C_Master.o
 .debug_info    0x00001580      0x1bb ./source/Power.o
 .debug_info    0x0000173b      0x597 ./source/TempSensor.o
 .debug_info    0x00001cd2      0xc95 ./source/Thermogenetics.o
 .debug_info    0x00002967      0xd81 ./source/Timer.o
 .debug_info    0x000036e8      0x408 ./source/Well.o
 .debug_info    0x00003af0      0x11f ./source/crc32.o
 .debug_info    0x00003c0f       0x53 ./source/mtb.o
 .debug_info    0x00003c62       0x3c ./source/semihost_hardfault.o
 .debug_info    0x00003c9e     0x1464 ./drivers/fsl_clock.o
 .debug_info    0x00005102      0x89d ./drivers/fsl_cmp.o
 .debug_info    0x0000599f     0x1a0c ./drivers/fsl_flash.o
 .debug_info    0x000073ab      0x7d6 ./drivers/fsl_gpio.o
 .debug_info    0x00007b81     0x19cf ./drivers/fsl_i2c.o
 .debug_info    0x00009550     0x1415 ./drivers/fsl_lpsci.o
 .debug_info    0x0000a965      0x67a ./drivers/fsl_lptmr.o
 .debug_info    0x0000afdf      0x8ff ./drivers/fsl_smc.o
 .debug_info    0x0000b8de      0x8e5 ./board/clock_config.o
 .debug_info    0x0000c1c3      0x513 ./board/pin_mux.o
 .debug_info    0x0000c6d6      0x3b1 ./CMSIS/system_MKL02Z4.o

.debug_abbrev   0x00000000     0x280f
 .debug_abbrev  0x00000000      0x198 ./startup/startup_mkl02z4.o
 .debug_abbrev  0x00000198      0x1a3 ./source/Downlink.o
 .debug_abbrev  0x0000033b      0x145 ./source/Flash.o
 .debug_abbrev  0x00000480      0x179 ./source/I2C_Master.o
 .debug_abbrev  0x000005f9       0xb6 ./source/Power.o
 .debug_abbrev  0x000006af      0x150 ./source/TempSensor.o
 .debug_abbrev  0x000007ff      0x27f ./source/Thermogenetics.o
 .debug_abbrev  0x00000a7e      0x221 ./source/Timer.o
 .debug_abbrev  0x00000c9f      0x155 ./source/Well.o
 .debug_abbrev  0x00000df4       0xab ./source/crc32.o
 .debug_abbrev  0x00000e9f       0x46 ./source/mtb.o
 .debug_abbrev  0x00000ee5       0x31 ./source/semihost_hardfault.o
 .debug_abbrev  0x00000f16      0x32c ./drivers/fsl_clock.o
 .debug_abbrev  0x00001242      0x20c ./drivers/fsl_cmp.o
 .debug_abbrev  0x0000144e      0x269 ./drivers/fsl_flash.o
 .debug_abbrev  0x000016b7      0x1f6 ./drivers/fsl_gpio.o
 .debug_abbrev  0x000018ad      0x338 ./drivers/fsl_i2c.o
 .debug_abbrev  0x00001be5      0x2de ./drivers/fsl_lpsci.o
 .debug_abbrev  0x00001ec3      0x18b ./drivers/fsl_lptmr.o
 .debug_abbrev  0x0000204e      0x2c8 ./drivers/fsl_smc.o
 .debug_abbrev  0x00002316      0x1d8 ./board/clock_config.o
 .debug_abbrev  0x000024ee      0x1f3 ./board/pin_mux.o
 .debug_abbrev  0x000026e1      0x12e ./CMSIS/system_MKL02Z4.o

.debug_aranges  0x00000000      0xbc8
 .debug_aranges
                0x00000000      0x160 ./startup/startup_mkl02z4.o
 .debug_aranges
                0x00000160       0x30 ./source/Downlink.o
 .debug_aranges
                0x00000190       0x30 ./source/Flash.o
 .debug_aranges
                0x000001c0       0x38 ./source/I2C_Master.o
 .debug_aranges
                0x000001f8       0x28 ./source/Power.o
 .debug_aranges
                0x00000220       0x50 ./source/TempSensor.o
 .debug_aranges
                0x00000270       0x78 ./source/Thermogenetics.o
 .debug_aranges
                0x000002e8       0xa8 ./source/Timer.o
 .debug_aranges
                0x00000390       0x38 ./source/Well.o
 .debug_aranges
                0x000003c8       0x20 ./source/crc32.o
 .debug_aranges
                0x000003e8       0x18 ./source/mtb.o
 .debug_aranges
                0x00000400       0x20 ./source/semihost_hardfault.o
 .debug_aranges
                0x00000420      0x168 ./drivers/fsl_clock.o
 .debug_aranges
                0x00000588       0x88 ./drivers/fsl_cmp.o
 .debug_aranges
                0x00000610      0x130 ./drivers/fsl_flash.o
 .debug_aranges
                0x00000740       0x78 ./drivers/fsl_gpio.o
 .debug_aranges
                0x000007b8      0x178 ./drivers/fsl_i2c.o
 .debug_aranges
                0x00000930      0x118 ./drivers/fsl_lpsci.o
 .debug_aranges
                0x00000a48       0x48 ./drivers/fsl_lptmr.o
 .debug_aranges
                0x00000a90       0x80 ./drivers/fsl_smc.o
 .debug_aranges
                0x00000b10       0x50 ./board/clock_config.o
 .debug_aranges
                0x00000b60       0x40 ./board/pin_mux.o
 .debug_aranges
                0x00000ba0       0x28 ./CMSIS/system_MKL02Z4.o

.debug_ranges   0x00000000      0xa50
 .debug_ranges  0x00000000      0x150 ./startup/startup_mkl02z4.o
 .debug_ranges  0x00000150       0x20 ./source/Downlink.o
 .debug_ranges  0x00000170       0x20 ./source/Flash.o
 .debug_ranges  0x00000190       0x28 ./source/I2C_Master.o
 .debug_ranges  0x000001b8       0x18 ./source/Power.o
 .debug_ranges  0x000001d0       0x40 ./source/TempSensor.o
 .debug_ranges  0x00000210       0x68 ./source/Thermogenetics.o
 .debug_ranges  0x00000278       0x98 ./source/Timer.o
 .debug_ranges  0x00000310       0x28 ./source/Well.o
 .debug_ranges  0x00000338       0x10 ./source/crc32.o
 .debug_ranges  0x00000348       0x10 ./source/semihost_hardfault.o
 .debug_ranges  0x00000358      0x158 ./drivers/fsl_clock.o
 .debug_ranges  0x000004b0       0x78 ./drivers/fsl_cmp.o
 .debug_ranges  0x00000528      0x120 ./drivers/fsl_flash.o
 .debug_ranges  0x00000648       0x68 ./drivers/fsl_gpio.o
 .debug_ranges  0x000006b0      0x168 ./drivers/fsl_i2c.o
 .debug_ranges  0x00000818      0x108 ./drivers/fsl_lpsci.o
 .debug_ranges  0x00000920       0x38 ./drivers/fsl_lptmr.o
 .debug_ranges  0x00000958       0x70 ./drivers/fsl_smc.o
 .debug_ranges  0x000009c8       0x40 ./board/clock_config.o
 .debug_ranges  0x00000a08       0x30 ./board/pin_mux.o
 .debug_ranges  0x00000a38       0x18 ./CMSIS/system_MKL02Z4.o

.debug_macro    0x00000000     0x1bc5
 .debug_macro   0x00000000       0x29 ./startup/startup_mkl02z4.o
 .debug_macro   0x00000029       0xfe ./source/Downlink.o
 .debug_macro   0x00000127       0x10 ./source/Downlink.o
 .debug_macro   0x00000137       0xfe ./source/Flash.o
 .debug_macro   0x00000235       0x43 ./source/Flash.o
 .debug_macro   0x00000278      0x128 ./source/I2C_Master.o
 .debug_macro   0x000003a0       0x16 ./source/I2C_Master.o
 .debug_macro   0x000003b6       0x10 ./source/I2C_Master.o
 .debug_macro   0x000003c6       0x10 ./source/I2C_Master.o
 .debug_macro   0x000003d6       0xca ./source/I2C_Master.o
 .debug_macro   0x000004a0       0x16 ./source/I2C_Master.o
 .debug_macro   0x000004b6       0x8f ./source/Power.o
 .debug_macro   0x00000545      0x12d ./source/TempSensor.o
 .debug_macro   0x00000672       0x1c ./source/TempSensor.o
 .debug_macro   0x0000068e       0x16 ./source/TempSensor.o
 .debug_macro   0x000006a4       0x10 ./source/TempSensor.o
 .debug_macro   0x000006b4      0x1df ./source/Thermogenetics.o
 .debug_macro   0x00000893       0xd8 ./source/Thermogenetics.o
 .debug_macro   0x0000096b       0xbe ./source/Thermogenetics.o
 .debug_macro   0x00000a29       0x10 ./source/Thermogenetics.o
 .debug_macro   0x00000a39       0x10 ./source/Thermogenetics.o
 .debug_macro   0x00000a49       0x34 ./source/Thermogenetics.o
 .debug_macro   0x00000a7d       0x49 ./source/Thermogenetics.o
 .debug_macro   0x00000ac6       0x10 ./source/Thermogenetics.o
 .debug_macro   0x00000ad6       0x10 ./source/Thermogenetics.o
 .debug_macro   0x00000ae6       0x10 ./source/Thermogenetics.o
 .debug_macro   0x00000af6      0x11a ./source/Timer.o
 .debug_macro   0x00000c10      0x146 ./source/Well.o
 .debug_macro   0x00000d56       0x4c ./source/crc32.o
 .debug_macro   0x00000da2       0x2f ./source/mtb.o
 .debug_macro   0x00000dd1       0x82 ./source/mtb.o
 .debug_macro   0x00000e53       0x10 ./source/mtb.o
 .debug_macro   0x00000e63       0x11 ./source/semihost_hardfault.o
 .debug_macro   0x00000e74      0x193 ./drivers/fsl_clock.o
 .debug_macro   0x00001007       0xef ./drivers/fsl_cmp.o
 .debug_macro   0x000010f6      0x36d ./drivers/fsl_flash.o
 .debug_macro   0x00001463       0xef ./drivers/fsl_gpio.o
 .debug_macro   0x00001552       0xee ./drivers/fsl_i2c.o
 .debug_macro   0x00001640       0xef ./drivers/fsl_lpsci.o
 .debug_macro   0x0000172f       0xef ./drivers/fsl_lptmr.o
 .debug_macro   0x0000181e       0xf8 ./drivers/fsl_smc.o
 .debug_macro   0x00001916      0x10e ./board/clock_config.o
 .debug_macro   0x00001a24       0xfa ./board/pin_mux.o
 .debug_macro   0x00001b1e       0x10 ./board/pin_mux.o
 .debug_macro   0x00001b2e       0x97 ./CMSIS/system_MKL02Z4.o

.debug_line     0x00000000     0x877c
 .debug_line    0x00000000      0x1ed ./startup/startup_mkl02z4.o
 .debug_line    0x000001ed      0x379 ./source/Downlink.o
 .debug_line    0x00000566      0x348 ./source/Flash.o
 .debug_line    0x000008ae      0x4ac ./source/I2C_Master.o
 .debug_line    0x00000d5a      0x264 ./source/Power.o
 .debug_line    0x00000fbe      0x452 ./source/TempSensor.o
 .debug_line    0x00001410      0xa8e ./source/Thermogenetics.o
 .debug_line    0x00001e9e      0x615 ./source/Timer.o
 .debug_line    0x000024b3      0x41a ./source/Well.o
 .debug_line    0x000028cd      0x1c8 ./source/crc32.o
 .debug_line    0x00002a95       0xd1 ./source/mtb.o
 .debug_line    0x00002b66       0x59 ./source/semihost_hardfault.o
 .debug_line    0x00002bbf      0xdec ./drivers/fsl_clock.o
 .debug_line    0x000039ab      0x598 ./drivers/fsl_cmp.o
 .debug_line    0x00003f43      0xd87 ./drivers/fsl_flash.o
 .debug_line    0x00004cca      0x4c0 ./drivers/fsl_gpio.o
 .debug_line    0x0000518a     0x13ab ./drivers/fsl_i2c.o
 .debug_line    0x00006535      0xdbc ./drivers/fsl_lpsci.o
 .debug_line    0x000072f1      0x3df ./drivers/fsl_lptmr.o
 .debug_line    0x000076d0      0x5b3 ./drivers/fsl_smc.o
 .debug_line    0x00007c83      0x3ed ./board/clock_config.o
 .debug_line    0x00008070      0x3f9 ./board/pin_mux.o
 .debug_line    0x00008469      0x313 ./CMSIS/system_MKL02Z4.o

.debug_str      0x00000000    0x27a4c
 .debug_str     0x00000000     0x30d3 ./startup/startup_mkl02z4.o
                               0x3129 (size before relaxing)
 .debug_str     0x000030d3    0x1c60a ./source/Downlink.o
                              0x1f506 (size before relaxing)
 .debug_str     0x0001f6dd      0x369 ./source/Flash.o
                              0x1f27e (size before relaxing)
 .debug_str     0x0001fa46      0xc16 ./source/I2C_Master.o
                              0x1fb5c (size before relaxing)
 .debug_str     0x0002065c       0xa1 ./source/Power.o
                              0x18c49 (size before relaxing)
 .debug_str     0x000206fd       0xff ./source/TempSensor.o
                              0x1fa04 (size before relaxing)
 .debug_str     0x000207fc      0xb71 ./source/Thermogenetics.o
                              0x20a75 (size before relaxing)
 .debug_str     0x0002136d      0x90a ./source/Timer.o
                              0x1ff43 (size before relaxing)
 .debug_str     0x00021c77       0x2b ./source/Well.o
                              0x1fcaa (size before relaxing)
 .debug_str     0x00021ca2       0x2a ./source/crc32.o
                               0x43db (size before relaxing)
 .debug_str     0x00021ccc      0x532 ./source/mtb.o
                               0x31f6 (size before relaxing)
 .debug_str     0x000221fe       0x1f ./source/semihost_hardfault.o
                               0x2ce3 (size before relaxing)
 .debug_str     0x0002221d     0x123e ./drivers/fsl_clock.o
                              0x2038b (size before relaxing)
 .debug_str     0x0002345b      0x2c9 ./drivers/fsl_cmp.o
                              0x1f426 (size before relaxing)
 .debug_str     0x00023724     0x234e ./drivers/fsl_flash.o
                              0x216ee (size before relaxing)
 .debug_str     0x00025a72      0x17b ./drivers/fsl_gpio.o
                              0x1f152 (size before relaxing)
 .debug_str     0x00025bed      0xa8a ./drivers/fsl_i2c.o
                              0x1fff1 (size before relaxing)
 .debug_str     0x00026677      0xaea ./drivers/fsl_lpsci.o
                              0x1fe7c (size before relaxing)
 .debug_str     0x00027161       0x73 ./drivers/fsl_lptmr.o
                              0x1f4cb (size before relaxing)
 .debug_str     0x000271d4      0x316 ./drivers/fsl_smc.o
                              0x1f63e (size before relaxing)
 .debug_str     0x000274ea      0x22e ./board/clock_config.o
                              0x1f5db (size before relaxing)
 .debug_str     0x00027718      0x2e5 ./board/pin_mux.o
                              0x1f2ad (size before relaxing)
 .debug_str     0x000279fd       0x4f ./CMSIS/system_MKL02Z4.o
                              0x1e060 (size before relaxing)

.comment        0x00000000       0x4d
 .comment       0x00000000       0x4d ./startup/startup_mkl02z4.o
                                 0x4e (size before relaxing)
 .comment       0x0000004d       0x4e ./source/Downlink.o
 .comment       0x0000004d       0x4e ./source/Flash.o
 .comment       0x0000004d       0x4e ./source/I2C_Master.o
 .comment       0x0000004d       0x4e ./source/Power.o
 .comment       0x0000004d       0x4e ./source/TempSensor.o
 .comment       0x0000004d       0x4e ./source/Thermogenetics.o
 .comment       0x0000004d       0x4e ./source/Timer.o
 .comment       0x0000004d       0x4e ./source/Well.o
 .comment       0x0000004d       0x4e ./source/crc32.o
 .comment       0x0000004d       0x4e ./source/mtb.o
 .comment       0x0000004d       0x4e ./source/semihost_hardfault.o
 .comment       0x0000004d       0x4e ./drivers/fsl_clock.o
 .comment       0x0000004d       0x4e ./drivers/fsl_cmp.o
 .comment       0x0000004d       0x4e ./drivers/fsl_flash.o
 .comment       0x0000004d       0x4e ./drivers/fsl_gpio.o
 .comment       0x0000004d       0x4e ./drivers/fsl_i2c.o
 .comment       0x0000004d       0x4e ./drivers/fsl_lpsci.o
 .comment       0x0000004d       0x4e ./drivers/fsl_lptmr.o
 .comment       0x0000004d       0x4e ./drivers/fsl_smc.o
 .comment       0x0000004d       0x4e ./board/clock_config.o
 .comment       0x0000004d       0x4e ./board/pin_mux.o
 .comment       0x0000004d       0x4e ./CMSIS/system_MKL02Z4.o
 .comment       0x0000004d       0x4e c:/nxp/mcuxpressoide_11.4.1_6260/ide/plugins/com.nxp.mcuxpresso.tools.win32_11.4.0.202103011116/tools/bin/../lib/gcc/arm-none-eabi/10.2.1/../../../../arm-none-eabi/lib/thumb/v6-m/nofp\libcr_nohost_nf.a(_cr__main.o)
 .comment       0x0000004d       0x4e c:/nxp/mcuxpressoide_11.4.1_6260/ide/plugins/com.nxp.mcuxpresso.tools.win32_11.4.0.202103011116/tools/bin/../lib/gcc/arm-none-eabi/10.2.1/../../../../arm-none-eabi/lib/thumb/v6-m/nofp\libcr_nohost_nf.a(_cr_assert.o)
 .comment       0x0000004d       0x4e c:/nxp/mcuxpressoide_11.4.1_6260/ide/plugins/com.nxp.mcuxpresso.tools.win32_11.4.0.202103011116/tools/bin/../lib/gcc/arm-none-eabi/10.2.1/../../../../arm-none-eabi/lib/thumb/v6-m/nofp\libcr_nohost_nf.a(__ciob.o)
 .comment       0x0000004d       0x4e c:/nxp/mcuxpressoide_11.4.1_6260/ide/plugins/com.nxp.mcuxpresso.tools.win32_11.4.0.202103011116/tools/bin/../lib/gcc/arm-none-eabi/10.2.1/../../../../arm-none-eabi/lib/thumb/v6-m/nofp\libcr_nohost_nf.a(__sys_appexit.o)
 .comment       0x0000004d       0x4e c:/nxp/mcuxpressoide_11.4.1_6260/ide/plugins/com.nxp.mcuxpresso.tools.win32_11.4.0.202103011116/tools/bin/../lib/gcc/arm-none-eabi/10.2.1/../../../../arm-none-eabi/lib/thumb/v6-m/nofp\libcr_c.a(memcpy.o)
 .comment       0x0000004d       0x4e c:/nxp/mcuxpressoide_11.4.1_6260/ide/plugins/com.nxp.mcuxpresso.tools.win32_11.4.0.202103011116/tools/bin/../lib/gcc/arm-none-eabi/10.2.1/../../../../arm-none-eabi/lib/thumb/v6-m/nofp\libcr_c.a(memset.o)
 .comment       0x0000004d       0x4e c:/nxp/mcuxpressoide_11.4.1_6260/ide/plugins/com.nxp.mcuxpresso.tools.win32_11.4.0.202103011116/tools/bin/../lib/gcc/arm-none-eabi/10.2.1/../../../../arm-none-eabi/lib/thumb/v6-m/nofp\libcr_c.a(_deferredlazyseek.o)
 .comment       0x0000004d       0x4e c:/nxp/mcuxpressoide_11.4.1_6260/ide/plugins/com.nxp.mcuxpresso.tools.win32_11.4.0.202103011116/tools/bin/../lib/gcc/arm-none-eabi/10.2.1/../../../../arm-none-eabi/lib/thumb/v6-m/nofp\libcr_c.a(_fflush.o)
 .comment       0x0000004d       0x4e c:/nxp/mcuxpressoide_11.4.1_6260/ide/plugins/com.nxp.mcuxpresso.tools.win32_11.4.0.202103011116/tools/bin/../lib/gcc/arm-none-eabi/10.2.1/../../../../arm-none-eabi/lib/thumb/v6-m/nofp\libcr_c.a(_writebuf.o)
 .comment       0x0000004d       0x4e c:/nxp/mcuxpressoide_11.4.1_6260/ide/plugins/com.nxp.mcuxpresso.tools.win32_11.4.0.202103011116/tools/bin/../lib/gcc/arm-none-eabi/10.2.1/../../../../arm-none-eabi/lib/thumb/v6-m/nofp\libcr_c.a(alloc.o)
 .comment       0x0000004d       0x4e c:/nxp/mcuxpressoide_11.4.1_6260/ide/plugins/com.nxp.mcuxpresso.tools.win32_11.4.0.202103011116/tools/bin/../lib/gcc/arm-none-eabi/10.2.1/../../../../arm-none-eabi/lib/thumb/v6-m/nofp\libcr_c.a(fputs.o)
 .comment       0x0000004d       0x4e c:/nxp/mcuxpressoide_11.4.1_6260/ide/plugins/com.nxp.mcuxpresso.tools.win32_11.4.0.202103011116/tools/bin/../lib/gcc/arm-none-eabi/10.2.1/../../../../arm-none-eabi/lib/thumb/v6-m/nofp\libcr_c.a(fseek.o)
 .comment       0x0000004d       0x4e c:/nxp/mcuxpressoide_11.4.1_6260/ide/plugins/com.nxp.mcuxpresso.tools.win32_11.4.0.202103011116/tools/bin/../lib/gcc/arm-none-eabi/10.2.1/../../../../arm-none-eabi/lib/thumb/v6-m/nofp\libcr_c.a(ftell.o)
 .comment       0x0000004d       0x4e c:/nxp/mcuxpressoide_11.4.1_6260/ide/plugins/com.nxp.mcuxpresso.tools.win32_11.4.0.202103011116/tools/bin/../lib/gcc/arm-none-eabi/10.2.1/../../../../arm-none-eabi/lib/thumb/v6-m/nofp\libcr_c.a(initio.o)
 .comment       0x0000004d       0x4e c:/nxp/mcuxpressoide_11.4.1_6260/ide/plugins/com.nxp.mcuxpresso.tools.win32_11.4.0.202103011116/tools/bin/../lib/gcc/arm-none-eabi/10.2.1/../../../../arm-none-eabi/lib/thumb/v6-m/nofp\libcr_c.a(setvbuf.o)
 .comment       0x0000004d       0x4e c:/nxp/mcuxpressoide_11.4.1_6260/ide/plugins/com.nxp.mcuxpresso.tools.win32_11.4.0.202103011116/tools/bin/../lib/gcc/arm-none-eabi/10.2.1/../../../../arm-none-eabi/lib/thumb/v6-m/nofp\libcr_c.a(strlen.o)
 .comment       0x0000004d       0x4e c:/nxp/mcuxpressoide_11.4.1_6260/ide/plugins/com.nxp.mcuxpresso.tools.win32_11.4.0.202103011116/tools/bin/../lib/gcc/arm-none-eabi/10.2.1/../../../../arm-none-eabi/lib/thumb/v6-m/nofp\libcr_c.a(__init_alloc.o)
 .comment       0x0000004d       0x4e c:/nxp/mcuxpressoide_11.4.1_6260/ide/plugins/com.nxp.mcuxpresso.tools.win32_11.4.0.202103011116/tools/bin/../lib/gcc/arm-none-eabi/10.2.1/../../../../arm-none-eabi/lib/thumb/v6-m/nofp\libcr_c.a(_cr_sbrk.o)
 .comment       0x0000004d       0x4e c:/nxp/mcuxpressoide_11.4.1_6260/ide/plugins/com.nxp.mcuxpresso.tools.win32_11.4.0.202103011116/tools/bin/../lib/gcc/arm-none-eabi/10.2.1/../../../../arm-none-eabi/lib/thumb/v6-m/nofp\libcr_c.a(_fdopen.o)
 .comment       0x0000004d       0x4e c:/nxp/mcuxpressoide_11.4.1_6260/ide/plugins/com.nxp.mcuxpresso.tools.win32_11.4.0.202103011116/tools/bin/../lib/gcc/arm-none-eabi/10.2.1/../../../../arm-none-eabi/lib/thumb/v6-m/nofp\libcr_c.a(errno.o)
 .comment       0x0000004d       0x4e c:/nxp/mcuxpressoide_11.4.1_6260/ide/plugins/com.nxp.mcuxpresso.tools.win32_11.4.0.202103011116/tools/bin/../lib/gcc/arm-none-eabi/10.2.1/../../../../arm-none-eabi/lib/thumb/v6-m/nofp\libcr_c.a(fclose.o)
 .comment       0x0000004d       0x4e c:/nxp/mcuxpressoide_11.4.1_6260/ide/plugins/com.nxp.mcuxpresso.tools.win32_11.4.0.202103011116/tools/bin/../lib/gcc/arm-none-eabi/10.2.1/../../../../arm-none-eabi/lib/thumb/v6-m/nofp\libcr_c.a(fflush.o)
 .comment       0x0000004d       0x4e c:/nxp/mcuxpressoide_11.4.1_6260/ide/plugins/com.nxp.mcuxpresso.tools.win32_11.4.0.202103011116/tools/bin/../lib/gcc/arm-none-eabi/10.2.1/../../../../arm-none-eabi/lib/thumb/v6-m/nofp\libcr_c.a(remove.o)
 .comment       0x0000004d       0x4e c:/nxp/mcuxpressoide_11.4.1_6260/ide/plugins/com.nxp.mcuxpresso.tools.win32_11.4.0.202103011116/tools/bin/../lib/gcc/arm-none-eabi/10.2.1/../../../../arm-none-eabi/lib/thumb/v6-m/nofp\libcr_c.a(_cr_check_heap.o)
 .comment       0x0000004d       0x4e c:/nxp/mcuxpressoide_11.4.1_6260/ide/plugins/com.nxp.mcuxpresso.tools.win32_11.4.0.202103011116/tools/bin/../lib/gcc/arm-none-eabi/10.2.1/../../../../arm-none-eabi/lib/thumb/v6-m/nofp\libcr_c.a(_do_fflush.o)
 .comment       0x0000004d       0x4e c:/nxp/mcuxpressoide_11.4.1_6260/ide/plugins/com.nxp.mcuxpresso.tools.win32_11.4.0.202103011116/tools/bin/../lib/gcc/arm-none-eabi/10.2.1/thumb/v6-m/nofp\libcr_eabihelpers.a(double.o)
 .comment       0x0000004d       0x4e c:/nxp/mcuxpressoide_11.4.1_6260/ide/plugins/com.nxp.mcuxpresso.tools.win32_11.4.0.202103011116/tools/bin/../lib/gcc/arm-none-eabi/10.2.1/thumb/v6-m/nofp\libcr_eabihelpers.a(float.o)
 .comment       0x0000004d       0x4e c:/nxp/mcuxpressoide_11.4.1_6260/ide/plugins/com.nxp.mcuxpresso.tools.win32_11.4.0.202103011116/tools/bin/../lib/gcc/arm-none-eabi/10.2.1/../../../../arm-none-eabi/lib/thumb/v6-m/nofp\libcr_nohost_nf.a(__sys_close.o)
 .comment       0x0000004d       0x4e c:/nxp/mcuxpressoide_11.4.1_6260/ide/plugins/com.nxp.mcuxpresso.tools.win32_11.4.0.202103011116/tools/bin/../lib/gcc/arm-none-eabi/10.2.1/../../../../arm-none-eabi/lib/thumb/v6-m/nofp\libcr_nohost_nf.a(__sys_flen.o)
 .comment       0x0000004d       0x4e c:/nxp/mcuxpressoide_11.4.1_6260/ide/plugins/com.nxp.mcuxpresso.tools.win32_11.4.0.202103011116/tools/bin/../lib/gcc/arm-none-eabi/10.2.1/../../../../arm-none-eabi/lib/thumb/v6-m/nofp\libcr_nohost_nf.a(__sys_istty.o)
 .comment       0x0000004d       0x4e c:/nxp/mcuxpressoide_11.4.1_6260/ide/plugins/com.nxp.mcuxpresso.tools.win32_11.4.0.202103011116/tools/bin/../lib/gcc/arm-none-eabi/10.2.1/../../../../arm-none-eabi/lib/thumb/v6-m/nofp\libcr_nohost_nf.a(__sys_remove.o)
 .comment       0x0000004d       0x4e c:/nxp/mcuxpressoide_11.4.1_6260/ide/plugins/com.nxp.mcuxpresso.tools.win32_11.4.0.202103011116/tools/bin/../lib/gcc/arm-none-eabi/10.2.1/../../../../arm-none-eabi/lib/thumb/v6-m/nofp\libcr_nohost_nf.a(__sys_seek.o)
 .comment       0x0000004d       0x4e c:/nxp/mcuxpressoide_11.4.1_6260/ide/plugins/com.nxp.mcuxpresso.tools.win32_11.4.0.202103011116/tools/bin/../lib/gcc/arm-none-eabi/10.2.1/../../../../arm-none-eabi/lib/thumb/v6-m/nofp\libcr_nohost_nf.a(__sys_tmpnam.o)
 .comment       0x0000004d       0x4e c:/nxp/mcuxpressoide_11.4.1_6260/ide/plugins/com.nxp.mcuxpresso.tools.win32_11.4.0.202103011116/tools/bin/../lib/gcc/arm-none-eabi/10.2.1/../../../../arm-none-eabi/lib/thumb/v6-m/nofp\libcr_nohost_nf.a(__sys_write.o)

.ARM.attributes
                0x00000000       0x2a
 .ARM.attributes
                0x00000000       0x2c ./startup/startup_mkl02z4.o
 .ARM.attributes
                0x0000002c       0x2c ./source/Downlink.o
 .ARM.attributes
                0x00000058       0x2c ./source/Flash.o
 .ARM.attributes
                0x00000084       0x2c ./source/I2C_Master.o
 .ARM.attributes
                0x000000b0       0x2c ./source/Power.o
 .ARM.attributes
                0x000000dc       0x2c ./source/TempSensor.o
 .ARM.attributes
                0x00000108       0x2c ./source/Thermogenetics.o
 .ARM.attributes
                0x00000134       0x2c ./source/Timer.o
 .ARM.attributes
                0x00000160       0x2c ./source/Well.o
 .ARM.attributes
                0x0000018c       0x2c ./source/crc32.o
 .ARM.attributes
                0x000001b8       0x32 ./source/mtb.o
 .ARM.attributes
                0x000001ea       0x2c ./source/semihost_hardfault.o
 .ARM.attributes
                0x00000216       0x2c ./drivers/fsl_clock.o
 .ARM.attributes
                0x00000242       0x2c ./drivers/fsl_cmp.o
 .ARM.attributes
                0x0000026e       0x2c ./drivers/fsl_flash.o
 .ARM.attributes
                0x0000029a       0x2c ./drivers/fsl_gpio.o
 .ARM.attributes
                0x000002c6       0x2c ./drivers/fsl_i2c.o
 .ARM.attributes
                0x000002f2       0x2c ./drivers/fsl_lpsci.o
 .ARM.attributes
                0x0000031e       0x2c ./drivers/fsl_lptmr.o
 .ARM.attributes
                0x0000034a       0x2c ./drivers/fsl_smc.o
 .ARM.attributes
                0x00000376       0x2c ./board/clock_config.o
 .ARM.attributes
                0x000003a2       0x2c ./board/pin_mux.o
 .ARM.attributes
                0x000003ce       0x2c ./CMSIS/system_MKL02Z4.o
 .ARM.attributes
                0x000003fa       0x2c c:/nxp/mcuxpressoide_11.4.1_6260/ide/plugins/com.nxp.mcuxpresso.tools.win32_11.4.0.202103011116/tools/bin/../lib/gcc/arm-none-eabi/10.2.1/../../../../arm-none-eabi/lib/thumb/v6-m/nofp\libcr_nohost_nf.a(_cr__main.o)
 .ARM.attributes
                0x00000426       0x2c c:/nxp/mcuxpressoide_11.4.1_6260/ide/plugins/com.nxp.mcuxpresso.tools.win32_11.4.0.202103011116/tools/bin/../lib/gcc/arm-none-eabi/10.2.1/../../../../arm-none-eabi/lib/thumb/v6-m/nofp\libcr_nohost_nf.a(_cr_assert.o)
 .ARM.attributes
                0x00000452       0x31 c:/nxp/mcuxpressoide_11.4.1_6260/ide/plugins/com.nxp.mcuxpresso.tools.win32_11.4.0.202103011116/tools/bin/../lib/gcc/arm-none-eabi/10.2.1/../../../../arm-none-eabi/lib/thumb/v6-m/nofp\libcr_nohost_nf.a(__ciob.o)
 .ARM.attributes
                0x00000483       0x2c c:/nxp/mcuxpressoide_11.4.1_6260/ide/plugins/com.nxp.mcuxpresso.tools.win32_11.4.0.202103011116/tools/bin/../lib/gcc/arm-none-eabi/10.2.1/../../../../arm-none-eabi/lib/thumb/v6-m/nofp\libcr_nohost_nf.a(__sys_appexit.o)
 .ARM.attributes
                0x000004af       0x2c c:/nxp/mcuxpressoide_11.4.1_6260/ide/plugins/com.nxp.mcuxpresso.tools.win32_11.4.0.202103011116/tools/bin/../lib/gcc/arm-none-eabi/10.2.1/../../../../arm-none-eabi/lib/thumb/v6-m/nofp\libcr_c.a(memcpy.o)
 .ARM.attributes
                0x000004db       0x2c c:/nxp/mcuxpressoide_11.4.1_6260/ide/plugins/com.nxp.mcuxpresso.tools.win32_11.4.0.202103011116/tools/bin/../lib/gcc/arm-none-eabi/10.2.1/../../../../arm-none-eabi/lib/thumb/v6-m/nofp\libcr_c.a(memset.o)
 .ARM.attributes
                0x00000507       0x2c c:/nxp/mcuxpressoide_11.4.1_6260/ide/plugins/com.nxp.mcuxpresso.tools.win32_11.4.0.202103011116/tools/bin/../lib/gcc/arm-none-eabi/10.2.1/../../../../arm-none-eabi/lib/thumb/v6-m/nofp\libcr_c.a(_deferredlazyseek.o)
 .ARM.attributes
                0x00000533       0x2c c:/nxp/mcuxpressoide_11.4.1_6260/ide/plugins/com.nxp.mcuxpresso.tools.win32_11.4.0.202103011116/tools/bin/../lib/gcc/arm-none-eabi/10.2.1/../../../../arm-none-eabi/lib/thumb/v6-m/nofp\libcr_c.a(_fflush.o)
 .ARM.attributes
                0x0000055f       0x2c c:/nxp/mcuxpressoide_11.4.1_6260/ide/plugins/com.nxp.mcuxpresso.tools.win32_11.4.0.202103011116/tools/bin/../lib/gcc/arm-none-eabi/10.2.1/../../../../arm-none-eabi/lib/thumb/v6-m/nofp\libcr_c.a(_writebuf.o)
 .ARM.attributes
                0x0000058b       0x2c c:/nxp/mcuxpressoide_11.4.1_6260/ide/plugins/com.nxp.mcuxpresso.tools.win32_11.4.0.202103011116/tools/bin/../lib/gcc/arm-none-eabi/10.2.1/../../../../arm-none-eabi/lib/thumb/v6-m/nofp\libcr_c.a(alloc.o)
 .ARM.attributes
                0x000005b7       0x2c c:/nxp/mcuxpressoide_11.4.1_6260/ide/plugins/com.nxp.mcuxpresso.tools.win32_11.4.0.202103011116/tools/bin/../lib/gcc/arm-none-eabi/10.2.1/../../../../arm-none-eabi/lib/thumb/v6-m/nofp\libcr_c.a(fputs.o)
 .ARM.attributes
                0x000005e3       0x2c c:/nxp/mcuxpressoide_11.4.1_6260/ide/plugins/com.nxp.mcuxpresso.tools.win32_11.4.0.202103011116/tools/bin/../lib/gcc/arm-none-eabi/10.2.1/../../../../arm-none-eabi/lib/thumb/v6-m/nofp\libcr_c.a(fseek.o)
 .ARM.attributes
                0x0000060f       0x2c c:/nxp/mcuxpressoide_11.4.1_6260/ide/plugins/com.nxp.mcuxpresso.tools.win32_11.4.0.202103011116/tools/bin/../lib/gcc/arm-none-eabi/10.2.1/../../../../arm-none-eabi/lib/thumb/v6-m/nofp\libcr_c.a(ftell.o)
 .ARM.attributes
                0x0000063b       0x2c c:/nxp/mcuxpressoide_11.4.1_6260/ide/plugins/com.nxp.mcuxpresso.tools.win32_11.4.0.202103011116/tools/bin/../lib/gcc/arm-none-eabi/10.2.1/../../../../arm-none-eabi/lib/thumb/v6-m/nofp\libcr_c.a(initio.o)
 .ARM.attributes
                0x00000667       0x2c c:/nxp/mcuxpressoide_11.4.1_6260/ide/plugins/com.nxp.mcuxpresso.tools.win32_11.4.0.202103011116/tools/bin/../lib/gcc/arm-none-eabi/10.2.1/../../../../arm-none-eabi/lib/thumb/v6-m/nofp\libcr_c.a(setvbuf.o)
 .ARM.attributes
                0x00000693       0x2c c:/nxp/mcuxpressoide_11.4.1_6260/ide/plugins/com.nxp.mcuxpresso.tools.win32_11.4.0.202103011116/tools/bin/../lib/gcc/arm-none-eabi/10.2.1/../../../../arm-none-eabi/lib/thumb/v6-m/nofp\libcr_c.a(strlen.o)
 .ARM.attributes
                0x000006bf       0x2c c:/nxp/mcuxpressoide_11.4.1_6260/ide/plugins/com.nxp.mcuxpresso.tools.win32_11.4.0.202103011116/tools/bin/../lib/gcc/arm-none-eabi/10.2.1/../../../../arm-none-eabi/lib/thumb/v6-m/nofp\libcr_c.a(__init_alloc.o)
 .ARM.attributes
                0x000006eb       0x2c c:/nxp/mcuxpressoide_11.4.1_6260/ide/plugins/com.nxp.mcuxpresso.tools.win32_11.4.0.202103011116/tools/bin/../lib/gcc/arm-none-eabi/10.2.1/../../../../arm-none-eabi/lib/thumb/v6-m/nofp\libcr_c.a(_cr_sbrk.o)
 .ARM.attributes
                0x00000717       0x2c c:/nxp/mcuxpressoide_11.4.1_6260/ide/plugins/com.nxp.mcuxpresso.tools.win32_11.4.0.202103011116/tools/bin/../lib/gcc/arm-none-eabi/10.2.1/../../../../arm-none-eabi/lib/thumb/v6-m/nofp\libcr_c.a(_fdopen.o)
 .ARM.attributes
                0x00000743       0x31 c:/nxp/mcuxpressoide_11.4.1_6260/ide/plugins/com.nxp.mcuxpresso.tools.win32_11.4.0.202103011116/tools/bin/../lib/gcc/arm-none-eabi/10.2.1/../../../../arm-none-eabi/lib/thumb/v6-m/nofp\libcr_c.a(errno.o)
 .ARM.attributes
                0x00000774       0x2c c:/nxp/mcuxpressoide_11.4.1_6260/ide/plugins/com.nxp.mcuxpresso.tools.win32_11.4.0.202103011116/tools/bin/../lib/gcc/arm-none-eabi/10.2.1/../../../../arm-none-eabi/lib/thumb/v6-m/nofp\libcr_c.a(fclose.o)
 .ARM.attributes
                0x000007a0       0x2c c:/nxp/mcuxpressoide_11.4.1_6260/ide/plugins/com.nxp.mcuxpresso.tools.win32_11.4.0.202103011116/tools/bin/../lib/gcc/arm-none-eabi/10.2.1/../../../../arm-none-eabi/lib/thumb/v6-m/nofp\libcr_c.a(fflush.o)
 .ARM.attributes
                0x000007cc       0x2c c:/nxp/mcuxpressoide_11.4.1_6260/ide/plugins/com.nxp.mcuxpresso.tools.win32_11.4.0.202103011116/tools/bin/../lib/gcc/arm-none-eabi/10.2.1/../../../../arm-none-eabi/lib/thumb/v6-m/nofp\libcr_c.a(remove.o)
 .ARM.attributes
                0x000007f8       0x2c c:/nxp/mcuxpressoide_11.4.1_6260/ide/plugins/com.nxp.mcuxpresso.tools.win32_11.4.0.202103011116/tools/bin/../lib/gcc/arm-none-eabi/10.2.1/../../../../arm-none-eabi/lib/thumb/v6-m/nofp\libcr_c.a(_cr_check_heap.o)
 .ARM.attributes
                0x00000824       0x2c c:/nxp/mcuxpressoide_11.4.1_6260/ide/plugins/com.nxp.mcuxpresso.tools.win32_11.4.0.202103011116/tools/bin/../lib/gcc/arm-none-eabi/10.2.1/../../../../arm-none-eabi/lib/thumb/v6-m/nofp\libcr_c.a(_do_fflush.o)
 .ARM.attributes
                0x00000850       0x1c c:/nxp/mcuxpressoide_11.4.1_6260/ide/plugins/com.nxp.mcuxpresso.tools.win32_11.4.0.202103011116/tools/bin/../lib/gcc/arm-none-eabi/10.2.1/thumb/v6-m/nofp\libcr_eabihelpers.a(division_32.o)
 .ARM.attributes
                0x0000086c       0x1c c:/nxp/mcuxpressoide_11.4.1_6260/ide/plugins/com.nxp.mcuxpresso.tools.win32_11.4.0.202103011116/tools/bin/../lib/gcc/arm-none-eabi/10.2.1/thumb/v6-m/nofp\libcr_eabihelpers.a(division_64.o)
 .ARM.attributes
                0x00000888       0x1c c:/nxp/mcuxpressoide_11.4.1_6260/ide/plugins/com.nxp.mcuxpresso.tools.win32_11.4.0.202103011116/tools/bin/../lib/gcc/arm-none-eabi/10.2.1/thumb/v6-m/nofp\libcr_eabihelpers.a(division_idiv0.o)
 .ARM.attributes
                0x000008a4       0x2c c:/nxp/mcuxpressoide_11.4.1_6260/ide/plugins/com.nxp.mcuxpresso.tools.win32_11.4.0.202103011116/tools/bin/../lib/gcc/arm-none-eabi/10.2.1/thumb/v6-m/nofp\libcr_eabihelpers.a(double.o)
 .ARM.attributes
                0x000008d0       0x2c c:/nxp/mcuxpressoide_11.4.1_6260/ide/plugins/com.nxp.mcuxpresso.tools.win32_11.4.0.202103011116/tools/bin/../lib/gcc/arm-none-eabi/10.2.1/thumb/v6-m/nofp\libcr_eabihelpers.a(float.o)
 .ARM.attributes
                0x000008fc       0x1c c:/nxp/mcuxpressoide_11.4.1_6260/ide/plugins/com.nxp.mcuxpresso.tools.win32_11.4.0.202103011116/tools/bin/../lib/gcc/arm-none-eabi/10.2.1/thumb/v6-m/nofp\libcr_eabihelpers.a(llong.o)
 .ARM.attributes
                0x00000918       0x1c c:/nxp/mcuxpressoide_11.4.1_6260/ide/plugins/com.nxp.mcuxpresso.tools.win32_11.4.0.202103011116/tools/bin/../lib/gcc/arm-none-eabi/10.2.1/thumb/v6-m/nofp\libcr_eabihelpers.a(memcpy.o)
 .ARM.attributes
                0x00000934       0x2c c:/nxp/mcuxpressoide_11.4.1_6260/ide/plugins/com.nxp.mcuxpresso.tools.win32_11.4.0.202103011116/tools/bin/../lib/gcc/arm-none-eabi/10.2.1/../../../../arm-none-eabi/lib/thumb/v6-m/nofp\libcr_nohost_nf.a(__sys_close.o)
 .ARM.attributes
                0x00000960       0x2c c:/nxp/mcuxpressoide_11.4.1_6260/ide/plugins/com.nxp.mcuxpresso.tools.win32_11.4.0.202103011116/tools/bin/../lib/gcc/arm-none-eabi/10.2.1/../../../../arm-none-eabi/lib/thumb/v6-m/nofp\libcr_nohost_nf.a(__sys_flen.o)
 .ARM.attributes
                0x0000098c       0x2c c:/nxp/mcuxpressoide_11.4.1_6260/ide/plugins/com.nxp.mcuxpresso.tools.win32_11.4.0.202103011116/tools/bin/../lib/gcc/arm-none-eabi/10.2.1/../../../../arm-none-eabi/lib/thumb/v6-m/nofp\libcr_nohost_nf.a(__sys_istty.o)
 .ARM.attributes
                0x000009b8       0x2c c:/nxp/mcuxpressoide_11.4.1_6260/ide/plugins/com.nxp.mcuxpresso.tools.win32_11.4.0.202103011116/tools/bin/../lib/gcc/arm-none-eabi/10.2.1/../../../../arm-none-eabi/lib/thumb/v6-m/nofp\libcr_nohost_nf.a(__sys_remove.o)
 .ARM.attributes
                0x000009e4       0x2c c:/nxp/mcuxpressoide_11.4.1_6260/ide/plugins/com.nxp.mcuxpresso.tools.win32_11.4.0.202103011116/tools/bin/../lib/gcc/arm-none-eabi/10.2.1/../../../../arm-none-eabi/lib/thumb/v6-m/nofp\libcr_nohost_nf.a(__sys_seek.o)
 .ARM.attributes
                0x00000a10       0x2c c:/nxp/mcuxpressoide_11.4.1_6260/ide/plugins/com.nxp.mcuxpresso.tools.win32_11.4.0.202103011116/tools/bin/../lib/gcc/arm-none-eabi/10.2.1/../../../../arm-none-eabi/lib/thumb/v6-m/nofp\libcr_nohost_nf.a(__sys_tmpnam.o)
 .ARM.attributes
                0x00000a3c       0x2c c:/nxp/mcuxpressoide_11.4.1_6260/ide/plugins/com.nxp.mcuxpresso.tools.win32_11.4.0.202103011116/tools/bin/../lib/gcc/arm-none-eabi/10.2.1/../../../../arm-none-eabi/lib/thumb/v6-m/nofp\libcr_nohost_nf.a(__sys_write.o)

.debug_frame    0x00000000     0x25ec
 .debug_frame   0x00000000      0x3b0 ./startup/startup_mkl02z4.o
 .debug_frame   0x000003b0       0x70 ./source/Downlink.o
 .debug_frame   0x00000420       0x70 ./source/Flash.o
 .debug_frame   0x00000490       0x94 ./source/I2C_Master.o
 .debug_frame   0x00000524       0x48 ./source/Power.o
 .debug_frame   0x0000056c       0xe8 ./source/TempSensor.o
 .debug_frame   0x00000654      0x190 ./source/Thermogenetics.o
 .debug_frame   0x000007e4      0x238 ./source/Timer.o
 .debug_frame   0x00000a1c       0x98 ./source/Well.o
 .debug_frame   0x00000ab4       0x30 ./source/crc32.o
 .debug_frame   0x00000ae4       0x20 ./source/semihost_hardfault.o
 .debug_frame   0x00000b04      0x528 ./drivers/fsl_clock.o
 .debug_frame   0x0000102c      0x1d0 ./drivers/fsl_cmp.o
 .debug_frame   0x000011fc      0x470 ./drivers/fsl_flash.o
 .debug_frame   0x0000166c      0x190 ./drivers/fsl_gpio.o
 .debug_frame   0x000017fc      0x58c ./drivers/fsl_i2c.o
 .debug_frame   0x00001d88      0x414 ./drivers/fsl_lpsci.o
 .debug_frame   0x0000219c       0xd0 ./drivers/fsl_lptmr.o
 .debug_frame   0x0000226c      0x1a8 ./drivers/fsl_smc.o
 .debug_frame   0x00002414       0xe0 ./board/clock_config.o
 .debug_frame   0x000024f4       0xac ./board/pin_mux.o
 .debug_frame   0x000025a0       0x4c ./CMSIS/system_MKL02Z4.o

Cross Reference Table

Symbol                                            File
ADC0_DriverIRQHandler                             ./startup/startup_mkl02z4.o
ADC0_IRQHandler                                   ./startup/startup_mkl02z4.o
BOARD_BootClockRUN                                ./board/clock_config.o
BOARD_BootClockVLPR                               ./board/clock_config.o
                                                  ./source/Thermogenetics.o
BOARD_InitBootClocks                              ./board/clock_config.o
BOARD_InitBootPeripherals                         ./board/peripherals.o
BOARD_InitBootPins                                ./board/pin_mux.o
BOARD_InitDebugConsole                            ./board/board.o
BOARD_InitPins                                    ./board/pin_mux.o
                                                  ./source/Thermogenetics.o
BitCutoff                                         ./source/Thermogenetics.o
CLOCK_BootToBlpeMode                              ./drivers/fsl_clock.o
CLOCK_BootToBlpiMode                              ./drivers/fsl_clock.o
                                                  ./board/clock_config.o
CLOCK_BootToFeeMode                               ./drivers/fsl_clock.o
CLOCK_BootToFeiMode                               ./drivers/fsl_clock.o
                                                  ./board/clock_config.o
CLOCK_ClearStatusFlags                            ./drivers/fsl_clock.o
CLOCK_DeinitOsc0                                  ./drivers/fsl_clock.o
CLOCK_ExternalModeToFbeModeQuick                  ./drivers/fsl_clock.o
CLOCK_FllStableDelay                              ./drivers/fsl_clock.o
CLOCK_GetBusClkFreq                               ./drivers/fsl_clock.o
CLOCK_GetCoreSysClkFreq                           ./drivers/fsl_clock.o
CLOCK_GetEr32kClkFreq                             ./drivers/fsl_clock.o
CLOCK_GetFixedFreqClkFreq                         ./drivers/fsl_clock.o
CLOCK_GetFlashClkFreq                             ./drivers/fsl_clock.o
CLOCK_GetFllFreq                                  ./drivers/fsl_clock.o
                                                  ./board/board.o
CLOCK_GetFreq                                     ./drivers/fsl_clock.o
                                                  ./source/Timer.o
                                                  ./source/I2C_Master.o
CLOCK_GetInternalRefClkFreq                       ./drivers/fsl_clock.o
CLOCK_GetMode                                     ./drivers/fsl_clock.o
CLOCK_GetOsc0ErClkFreq                            ./drivers/fsl_clock.o
CLOCK_GetOutClkFreq                               ./drivers/fsl_clock.o
CLOCK_GetPlatClkFreq                              ./drivers/fsl_clock.o
CLOCK_GetStatusFlags                              ./drivers/fsl_clock.o
CLOCK_InitOsc0                                    ./drivers/fsl_clock.o
CLOCK_InternalModeToFbiModeQuick                  ./drivers/fsl_clock.o
CLOCK_SetBlpeMode                                 ./drivers/fsl_clock.o
CLOCK_SetBlpiMode                                 ./drivers/fsl_clock.o
CLOCK_SetExternalRefClkConfig                     ./drivers/fsl_clock.o
CLOCK_SetFbeMode                                  ./drivers/fsl_clock.o
CLOCK_SetFbiMode                                  ./drivers/fsl_clock.o
CLOCK_SetFeeMode                                  ./drivers/fsl_clock.o
CLOCK_SetFeiMode                                  ./drivers/fsl_clock.o
CLOCK_SetInternalRefClkConfig                     ./drivers/fsl_clock.o
                                                  ./board/clock_config.o
CLOCK_SetMcgConfig                                ./drivers/fsl_clock.o
CLOCK_SetOsc0MonitorMode                          ./drivers/fsl_clock.o
CLOCK_SetSimConfig                                ./drivers/fsl_clock.o
                                                  ./board/clock_config.o
CLOCK_TrimInternalRefClk                          ./drivers/fsl_clock.o
CMP0_DriverIRQHandler                             ./startup/startup_mkl02z4.o
CMP0_IRQHandler                                   ./source/Thermogenetics.o
                                                  ./startup/startup_mkl02z4.o
CMP_ClearStatusFlags                              ./drivers/fsl_cmp.o
                                                  ./source/Thermogenetics.o
                                                  ./source/Downlink.o
CMP_Deinit                                        ./drivers/fsl_cmp.o
CMP_DisableInterrupts                             ./drivers/fsl_cmp.o
                                                  ./source/Downlink.o
CMP_EnableInterrupts                              ./drivers/fsl_cmp.o
                                                  ./source/Downlink.o
CMP_GetDefaultConfig                              ./drivers/fsl_cmp.o
                                                  ./source/Downlink.o
CMP_GetStatusFlags                                ./drivers/fsl_cmp.o
CMP_Init                                          ./drivers/fsl_cmp.o
                                                  ./source/Downlink.o
CMP_SetDACConfig                                  ./drivers/fsl_cmp.o
CMP_SetFilterConfig                               ./drivers/fsl_cmp.o
                                                  ./source/Downlink.o
CMP_SetInputChannels                              ./drivers/fsl_cmp.o
                                                  ./source/Downlink.o
CommsTimer_Start                                  ./source/Timer.o
CommsTimer_Stop                                   ./source/Timer.o
DbgConsole_Deinit                                 ./utilities/fsl_debug_console.o
DbgConsole_Flush                                  ./utilities/fsl_debug_console.o
DbgConsole_Getchar                                ./utilities/fsl_debug_console.o
DbgConsole_Init                                   ./utilities/fsl_debug_console.o
                                                  ./board/board.o
DbgConsole_Printf                                 ./utilities/fsl_debug_console.o
DbgConsole_Putchar                                ./utilities/fsl_debug_console.o
DbgConsole_Scanf                                  ./utilities/fsl_debug_console.o
DownlinkConfig                                    ./source/Downlink.o
Downlink_Setup                                    ./source/Downlink.o
                                                  ./source/Thermogenetics.o
Duration                                          ./source/Thermogenetics.o
FGPIO_PinInit                                     ./drivers/fsl_gpio.o
FGPIO_PortClearInterruptFlags                     ./drivers/fsl_gpio.o
FGPIO_PortGetInterruptFlags                       ./drivers/fsl_gpio.o
FLASH_Erase                                       ./drivers/fsl_flash.o
                                                  ./source/Flash.o
FLASH_EraseAll                                    ./drivers/fsl_flash.o
FLASH_EraseAllExecuteOnlySegments                 ./drivers/fsl_flash.o
FLASH_GetProperty                                 ./drivers/fsl_flash.o
FLASH_GetSecurityState                            ./drivers/fsl_flash.o