C:\Users\12mcp\Documents\MCUXpressoIDE_11.4.1_6260\workspace2\Thermogenetics\CMSIS/core_cm0plus.h:731:22:__NVIC_EnableIRQ	16	static
../drivers/fsl_clock.h:499:20:CLOCK_EnableClock	24	static
../drivers/fsl_clock.h:510:20:CLOCK_DisableClock	24	static
../drivers/fsl_common.h:363:28:EnableIRQ	16	static
../drivers/fsl_lpsci.c:127:10:LPSCI_GetInstance	24	static
../drivers/fsl_lpsci.c:145:8:LPSCI_TransferGetRxRingBufferLength	24	static
../drivers/fsl_lpsci.c:163:13:LPSCI_TransferIsRxRingBufferFull	24	static
../drivers/fsl_lpsci.c:181:13:LPSCI_ReadNonBlocking	32	static
../drivers/fsl_lpsci.c:195:13:LPSCI_WriteNonBlocking	32	static
../drivers/fsl_lpsci.c:209:10:LPSCI_Init	64	static
../drivers/fsl_lpsci.c:324:6:LPSCI_Deinit	16	static
../drivers/fsl_lpsci.c:337:6:LPSCI_GetDefaultConfig	16	static
../drivers/fsl_lpsci.c:349:10:LPSCI_SetBaudRate	64	static
../drivers/fsl_lpsci.c:430:6:LPSCI_EnableInterrupts	16	static
../drivers/fsl_lpsci.c:441:6:LPSCI_DisableInterrupts	16	static
../drivers/fsl_lpsci.c:452:10:LPSCI_GetEnabledInterrupts	24	static
../drivers/fsl_lpsci.c:460:10:LPSCI_GetStatusFlags	24	static
../drivers/fsl_lpsci.c:472:10:LPSCI_ClearStatusFlags	24	static
../drivers/fsl_lpsci.c:518:6:LPSCI_WriteBlocking	24	static
../drivers/fsl_lpsci.c:533:10:LPSCI_ReadBlocking	32	static
../drivers/fsl_lpsci.c:575:6:LPSCI_TransferCreateHandle	32	static
../drivers/fsl_lpsci.c:607:6:LPSCI_TransferStartRingBuffer	24	static
../drivers/fsl_lpsci.c:628:6:LPSCI_TransferStopRingBuffer	16	static
../drivers/fsl_lpsci.c:650:10:LPSCI_TransferSendNonBlocking	32	static
../drivers/fsl_lpsci.c:680:6:LPSCI_TransferAbortSend	16	static
../drivers/fsl_lpsci.c:690:10:LPSCI_TransferGetSendCount	24	static
../drivers/fsl_lpsci.c:705:10:LPSCI_TransferReceiveNonBlocking	56	static
../drivers/fsl_lpsci.c:827:6:LPSCI_TransferAbortReceive	16	static
../drivers/fsl_lpsci.c:848:10:LPSCI_TransferGetReceiveCount	24	static
../drivers/fsl_lpsci.c:863:6:LPSCI_TransferHandleIRQ	32	static
../drivers/fsl_lpsci.c:1113:6:LPSCI_TransferHandleErrorIRQ	16	static
../drivers/fsl_lpsci.c:1119:6:UART0_DriverIRQHandler	8	static
