../drivers/fsl_clock.h:831:20:OSC_SetExtRefClkConfig	24	static
../drivers/fsl_clock.h:857:20:OSC_SetCapLoad	24	static
../drivers/fsl_clock.c:194:6:CLOCK_FllStableDelay	16	static
../drivers/fsl_clock.c:214:17:CLOCK_GetMcgExtClkFreq	8	static
../drivers/fsl_clock.c:221:17:CLOCK_GetFllExtRefClkFreq	16	static
../drivers/fsl_clock.c:273:17:CLOCK_GetInternalRefClkSelectFreq	8	static
../drivers/fsl_clock.c:287:17:CLOCK_GetFllRefClkFreq	8	static
../drivers/fsl_clock.c:301:16:CLOCK_GetOscRangeFromFreq	24	static
../drivers/fsl_clock.c:321:10:CLOCK_GetOsc0ErClkFreq	8	static
../drivers/fsl_clock.c:335:10:CLOCK_GetEr32kClkFreq	8	static
../drivers/fsl_clock.c:340:10:CLOCK_GetPlatClkFreq	8	static
../drivers/fsl_clock.c:345:10:CLOCK_GetFlashClkFreq	16	static
../drivers/fsl_clock.c:355:10:CLOCK_GetBusClkFreq	16	static
../drivers/fsl_clock.c:365:10:CLOCK_GetCoreSysClkFreq	8	static
../drivers/fsl_clock.c:370:10:CLOCK_GetFreq	24	static
../drivers/fsl_clock.c:408:6:CLOCK_SetSimConfig	16	static
../drivers/fsl_clock.c:413:10:CLOCK_GetOutClkFreq	16	static
../drivers/fsl_clock.c:436:10:CLOCK_GetFllFreq	16	static
../drivers/fsl_clock.c:462:10:CLOCK_GetInternalRefClkFreq	8	static
../drivers/fsl_clock.c:473:10:CLOCK_GetFixedFreqClkFreq	16	static
../drivers/fsl_clock.c:488:10:CLOCK_SetExternalRefClkConfig	16	static
../drivers/fsl_clock.c:496:10:CLOCK_SetInternalRefClkConfig	32	static
../drivers/fsl_clock.c:544:6:CLOCK_SetOsc0MonitorMode	16	static
../drivers/fsl_clock.c:567:10:CLOCK_GetStatusFlags	16	static
../drivers/fsl_clock.c:583:6:CLOCK_ClearStatusFlags	16	static
../drivers/fsl_clock.c:591:6:CLOCK_InitOsc0	32	static
../drivers/fsl_clock.c:609:6:CLOCK_DeinitOsc0	8	static
../drivers/fsl_clock.c:615:10:CLOCK_TrimInternalRefClk	40	static
../drivers/fsl_clock.c:691:12:CLOCK_GetMode	24	static
../drivers/fsl_clock.c:780:10:CLOCK_SetFeiMode	24	static
../drivers/fsl_clock.c:840:10:CLOCK_SetFeeMode	32	static
../drivers/fsl_clock.c:917:10:CLOCK_SetFbiMode	24	static
../drivers/fsl_clock.c:981:10:CLOCK_SetFbeMode	32	static
../drivers/fsl_clock.c:1057:10:CLOCK_SetBlpiMode	8	static
../drivers/fsl_clock.c:1072:10:CLOCK_SetBlpeMode	8	static
../drivers/fsl_clock.c:1087:10:CLOCK_ExternalModeToFbeModeQuick	8	static
../drivers/fsl_clock.c:1107:10:CLOCK_InternalModeToFbiModeQuick	8	static
../drivers/fsl_clock.c:1127:10:CLOCK_BootToFeiMode	16	static
../drivers/fsl_clock.c:1132:10:CLOCK_BootToFeeMode	24	static
../drivers/fsl_clock.c:1140:10:CLOCK_BootToBlpiMode	24	static
../drivers/fsl_clock.c:1157:10:CLOCK_BootToBlpeMode	16	static
../drivers/fsl_clock.c:1207:10:CLOCK_SetMcgConfig	32	static
