C:\Users\12mcp\Documents\MCUXpressoIDE_11.4.1_6260\workspace2\Thermogenetics\CMSIS/core_cm0plus.h:731:22:__NVIC_EnableIRQ	16	static
C:\Users\12mcp\Documents\MCUXpressoIDE_11.4.1_6260\workspace2\Thermogenetics\CMSIS/core_cm0plus.h:838:22:__NVIC_SetPriority	24	static
C:\Users\12mcp\Documents\MCUXpressoIDE_11.4.1_6260\workspace2\Thermogenetics\drivers/fsl_common.h:363:28:EnableIRQ	16	static
C:\Users\12mcp\Documents\MCUXpressoIDE_11.4.1_6260\workspace2\Thermogenetics\drivers/fsl_lptmr.h:203:20:LPTMR_EnableInterrupts	24	static
C:\Users\12mcp\Documents\MCUXpressoIDE_11.4.1_6260\workspace2\Thermogenetics\drivers/fsl_lptmr.h:220:20:LPTMR_DisableInterrupts	24	static
C:\Users\12mcp\Documents\MCUXpressoIDE_11.4.1_6260\workspace2\Thermogenetics\drivers/fsl_lptmr.h:290:20:LPTMR_ClearStatusFlags	16	static
C:\Users\12mcp\Documents\MCUXpressoIDE_11.4.1_6260\workspace2\Thermogenetics\drivers/fsl_lptmr.h:315:20:LPTMR_SetTimerPeriod	16	static
C:\Users\12mcp\Documents\MCUXpressoIDE_11.4.1_6260\workspace2\Thermogenetics\drivers/fsl_lptmr.h:359:20:LPTMR_StartTimer	24	static
C:\Users\12mcp\Documents\MCUXpressoIDE_11.4.1_6260\workspace2\Thermogenetics\drivers/fsl_lptmr.h:376:20:LPTMR_StopTimer	24	static
C:\Users\12mcp\Documents\MCUXpressoIDE_11.4.1_6260\workspace2\Thermogenetics\drivers/fsl_tpm.h:634:20:TPM_StartTimer	24	static
C:\Users\12mcp\Documents\MCUXpressoIDE_11.4.1_6260\workspace2\Thermogenetics\drivers/fsl_tpm.h:652:20:TPM_StopTimer	16	static
../source/Timer.c:6:6:Timer_SetupAll	16	static
../source/Timer.c:29:6:CommsTimer_Start	8	static
../source/Timer.c:33:6:CommsTimer_Stop	8	static
../source/Timer.c:37:6:Timer_Start	8	static
../source/Timer.c:41:6:Timer_Stop	8	static
../source/Timer.c:45:6:Timer_EnableInterrupt	8	static
../source/Timer.c:49:6:Timer_DisableInterrupt	8	static
